<?xml version="1.0" encoding="utf-8"?>
<TestRun id="805b50bc-0d2e-4b63-8419-feb9ced3531d" name="@Adams-MacBook-Pro 2025-08-12 04:54:55" xmlns="http://microsoft.com/schemas/VisualStudio/TeamTest/2010">
  <Times creation="2025-08-12T04:54:55.1994390+07:00" queuing="2025-08-12T04:54:55.1994390+07:00" start="2025-08-12T04:54:53.4983430+07:00" finish="2025-08-12T04:55:00.5710730+07:00" />
  <TestSettings name="default" id="6ab390ad-3692-4f41-8592-9dcbf7f080ac">
    <Deployment runDeploymentRoot="_Adams-MacBook-Pro_2025-08-12_04_54_55" />
  </TestSettings>
  <Results>
    <UnitTestResult executionId="fe961236-177d-499c-979f-88fb01c0fd38" testId="a467f50e-8928-ce92-dc48-be7f3d913283" testName="MapMe.Tests.ErrorHandlingIntegrationTests.Profile_Create_WithWrongContentType_ReturnsBadRequest" computerName="Adams-MacBook-Pro" duration="00:00:00.6946937" startTime="2025-08-12T04:54:57.8124840+07:00" endTime="2025-08-12T04:54:57.8124840+07:00" testType="13cdc9d9-ddb5-4fa4-a97d-d965ccfc6d4b" outcome="Passed" testListId="8c84fa94-04c1-424b-9868-57a2d4851a1d" relativeResultsDirectory="fe961236-177d-499c-979f-88fb01c0fd38" />
    <UnitTestResult executionId="f5b1c388-9657-41e2-82ff-28c16dfdb122" testId="43a57797-e8d6-4267-fa5a-c63a5f5d9b4e" testName="MapMe.Tests.ApiIntegrationTests.UserProfile_CompleteWorkflow_CreatesAndRetrievesProfile" computerName="Adams-MacBook-Pro" duration="00:00:00.4086166" startTime="2025-08-12T04:54:59.7098230+07:00" endTime="2025-08-12T04:54:59.7098240+07:00" testType="13cdc9d9-ddb5-4fa4-a97d-d965ccfc6d4b" outcome="Passed" testListId="8c84fa94-04c1-424b-9868-57a2d4851a1d" relativeResultsDirectory="f5b1c388-9657-41e2-82ff-28c16dfdb122" />
    <UnitTestResult executionId="384e1742-d7cf-4478-9222-f17717d37aa7" testId="bd4eda91-769c-68a3-3336-24c5260e11cc" testName="MapMe.Tests.ErrorHandlingIntegrationTests.DateMark_Query_WithInvalidQueryParameters_HandlesGracefully" computerName="Adams-MacBook-Pro" duration="00:00:00.4330482" startTime="2025-08-12T04:54:58.2458470+07:00" endTime="2025-08-12T04:54:58.2458470+07:00" testType="13cdc9d9-ddb5-4fa4-a97d-d965ccfc6d4b" outcome="Passed" testListId="8c84fa94-04c1-424b-9868-57a2d4851a1d" relativeResultsDirectory="384e1742-d7cf-4478-9222-f17717d37aa7" />
    <UnitTestResult executionId="bce9ae96-100a-40c7-94ce-191e45124d7b" testId="15a69689-ac9f-bd90-52e0-f559c0b50dc3" testName="MapMe.Tests.NormalizationTests.ToNorm_Removes_Diacritics_And_Punctuation_And_Lowercases" computerName="Adams-MacBook-Pro" duration="00:00:00.0152462" startTime="2025-08-12T04:54:53.7644200+07:00" endTime="2025-08-12T04:54:53.7644200+07:00" testType="13cdc9d9-ddb5-4fa4-a97d-d965ccfc6d4b" outcome="Passed" testListId="8c84fa94-04c1-424b-9868-57a2d4851a1d" relativeResultsDirectory="bce9ae96-100a-40c7-94ce-191e45124d7b" />
    <UnitTestResult executionId="501922fd-47c2-49c3-ad53-5aa4b59121c5" testId="4a9ff9b6-10c5-9acd-4eb9-cab6a86f7b1e" testName="MapMe.Tests.ApiIntegrationTests.DateMark_FilteringByCategories_ReturnsCorrectResults" computerName="Adams-MacBook-Pro" duration="00:00:00.5340634" startTime="2025-08-12T04:54:58.1958520+07:00" endTime="2025-08-12T04:54:58.1958520+07:00" testType="13cdc9d9-ddb5-4fa4-a97d-d965ccfc6d4b" outcome="Passed" testListId="8c84fa94-04c1-424b-9868-57a2d4851a1d" relativeResultsDirectory="501922fd-47c2-49c3-ad53-5aa4b59121c5" />
    <UnitTestResult executionId="ee8d7ca9-9718-4418-85a4-3eaadaf8aedb" testId="10ba1ee7-a45b-ddd2-1f57-0e6bac1f2f13" testName="MapMe.Tests.NormalizationTests.ToNorm_Filters_Empty_And_Duplicates" computerName="Adams-MacBook-Pro" duration="00:00:00.0003299" startTime="2025-08-12T04:54:53.7647910+07:00" endTime="2025-08-12T04:54:53.7647910+07:00" testType="13cdc9d9-ddb5-4fa4-a97d-d965ccfc6d4b" outcome="Passed" testListId="8c84fa94-04c1-424b-9868-57a2d4851a1d" relativeResultsDirectory="ee8d7ca9-9718-4418-85a4-3eaadaf8aedb" />
    <UnitTestResult executionId="29ec7c16-60ad-4c4a-ba2f-ddd8947dd50e" testId="69967aec-93ea-5719-8f75-1adce4a52868" testName="MapMe.Tests.ErrorHandlingIntegrationTests.DateMark_Query_WithExtremelyLongQueryString_HandlesGracefully" computerName="Adams-MacBook-Pro" duration="00:00:00.2542492" startTime="2025-08-12T04:55:00.0242400+07:00" endTime="2025-08-12T04:55:00.0242400+07:00" testType="13cdc9d9-ddb5-4fa4-a97d-d965ccfc6d4b" outcome="Passed" testListId="8c84fa94-04c1-424b-9868-57a2d4851a1d" relativeResultsDirectory="29ec7c16-60ad-4c4a-ba2f-ddd8947dd50e" />
    <UnitTestResult executionId="0f2ef0c1-03da-414d-ac2d-875e875b37f8" testId="e73246bd-9452-0519-22d8-5ecd6b6f4191" testName="MapMe.Tests.InMemoryRepositoryTests.DateMarks_InMemory_Filtering_Works" computerName="Adams-MacBook-Pro" duration="00:00:00.0064096" startTime="2025-08-12T04:54:53.7619540+07:00" endTime="2025-08-12T04:54:53.7619540+07:00" testType="13cdc9d9-ddb5-4fa4-a97d-d965ccfc6d4b" outcome="Passed" testListId="8c84fa94-04c1-424b-9868-57a2d4851a1d" relativeResultsDirectory="0f2ef0c1-03da-414d-ac2d-875e875b37f8" />
    <UnitTestResult executionId="01f88b20-96ca-43a1-96a8-e6f27890403d" testId="de8bf758-b03b-e20e-69c9-ef05dfd4fb46" testName="MapMe.Tests.ExtendedApiIntegrationTests.Profile_Update_ExistingProfile_ModifiesCorrectly" computerName="Adams-MacBook-Pro" duration="00:00:00.5732747" startTime="2025-08-12T04:54:56.0185500+07:00" endTime="2025-08-12T04:54:56.0185500+07:00" testType="13cdc9d9-ddb5-4fa4-a97d-d965ccfc6d4b" outcome="Passed" testListId="8c84fa94-04c1-424b-9868-57a2d4851a1d" relativeResultsDirectory="01f88b20-96ca-43a1-96a8-e6f27890403d" />
    <UnitTestResult executionId="30aadef5-281c-46ba-ae08-75fbb319f4e1" testId="c30b884c-9a00-2f15-ba4b-f26e812a36f7" testName="MapMe.Tests.ErrorHandlingIntegrationTests.DateMark_Create_WithMalformedJson_ReturnsBadRequest" computerName="Adams-MacBook-Pro" duration="00:00:00.5835263" startTime="2025-08-12T04:54:56.0102260+07:00" endTime="2025-08-12T04:54:56.0102260+07:00" testType="13cdc9d9-ddb5-4fa4-a97d-d965ccfc6d4b" outcome="Passed" testListId="8c84fa94-04c1-424b-9868-57a2d4851a1d" relativeResultsDirectory="30aadef5-281c-46ba-ae08-75fbb319f4e1" />
    <UnitTestResult executionId="22819876-11f8-465a-8811-9c2fff5cbfec" testId="17c53a49-97e6-d8f8-98e3-07d519c83924" testName="MapMe.Tests.ExtendedApiIntegrationTests.DateMark_DateRangeEdgeCases_HandlesCorrectly" computerName="Adams-MacBook-Pro" duration="00:00:00.6312411" startTime="2025-08-12T04:54:58.8316330+07:00" endTime="2025-08-12T04:54:58.8316330+07:00" testType="13cdc9d9-ddb5-4fa4-a97d-d965ccfc6d4b" outcome="Passed" testListId="8c84fa94-04c1-424b-9868-57a2d4851a1d" relativeResultsDirectory="22819876-11f8-465a-8811-9c2fff5cbfec" />
    <UnitTestResult executionId="d56200d2-a222-4d1a-a20f-6e07719f39b1" testId="bfa49886-b8c5-6319-98bf-738ba44816dc" testName="MapMe.Tests.ErrorHandlingIntegrationTests.DateMark_UnsupportedHttpMethods_ReturnMethodNotAllowed" computerName="Adams-MacBook-Pro" duration="00:00:00.5777417" startTime="2025-08-12T04:54:57.1175700+07:00" endTime="2025-08-12T04:54:57.1175700+07:00" testType="13cdc9d9-ddb5-4fa4-a97d-d965ccfc6d4b" outcome="Passed" testListId="8c84fa94-04c1-424b-9868-57a2d4851a1d" relativeResultsDirectory="d56200d2-a222-4d1a-a20f-6e07719f39b1" />
    <UnitTestResult executionId="03745b9c-a4b5-427d-93e7-54f44c82bce9" testId="9d132666-049a-2cef-9037-d675521ac78d" testName="MapMe.Tests.ApiIntegrationTests.DateMark_UpdateExisting_ModifiesCorrectly" computerName="Adams-MacBook-Pro" duration="00:00:00.5073711" startTime="2025-08-12T04:54:58.7034020+07:00" endTime="2025-08-12T04:54:58.7034020+07:00" testType="13cdc9d9-ddb5-4fa4-a97d-d965ccfc6d4b" outcome="Passed" testListId="8c84fa94-04c1-424b-9868-57a2d4851a1d" relativeResultsDirectory="03745b9c-a4b5-427d-93e7-54f44c82bce9" />
    <UnitTestResult executionId="b201ddcd-e574-4f18-85d0-4f311e579eeb" testId="6bdd0e70-ab80-e944-5486-35acf451dd25" testName="MapMe.Tests.ErrorHandlingIntegrationTests.Profile_Create_WithManyPhotos_HandlesCorrectly" computerName="Adams-MacBook-Pro" duration="00:00:00.6790386" startTime="2025-08-12T04:54:55.4263600+07:00" endTime="2025-08-12T04:54:55.4263600+07:00" testType="13cdc9d9-ddb5-4fa4-a97d-d965ccfc6d4b" outcome="Passed" testListId="8c84fa94-04c1-424b-9868-57a2d4851a1d" relativeResultsDirectory="b201ddcd-e574-4f18-85d0-4f311e579eeb" />
    <UnitTestResult executionId="67983690-72c5-4282-a76f-eba25e85e289" testId="ce8d9085-257d-d7d4-fda4-d09aafc89d94" testName="MapMe.Tests.InMemoryRepositoryTests.UserProfile_InMemory_Upsert_And_Get" computerName="Adams-MacBook-Pro" duration="00:00:00.0042490" startTime="2025-08-12T04:54:53.7549890+07:00" endTime="2025-08-12T04:54:53.7549980+07:00" testType="13cdc9d9-ddb5-4fa4-a97d-d965ccfc6d4b" outcome="Passed" testListId="8c84fa94-04c1-424b-9868-57a2d4851a1d" relativeResultsDirectory="67983690-72c5-4282-a76f-eba25e85e289" />
    <UnitTestResult executionId="0b20bd41-93f9-4e12-8b2f-0034cf772620" testId="3fd022d9-ba8a-3de7-f381-3d8f18ee1d21" testName="MapMe.Tests.ErrorHandlingIntegrationTests.Profile_Create_WithSpecialCharacters_HandlesCorrectly" computerName="Adams-MacBook-Pro" duration="00:00:00.5193081" startTime="2025-08-12T04:54:59.4790760+07:00" endTime="2025-08-12T04:54:59.4790760+07:00" testType="13cdc9d9-ddb5-4fa4-a97d-d965ccfc6d4b" outcome="Passed" testListId="8c84fa94-04c1-424b-9868-57a2d4851a1d" relativeResultsDirectory="0b20bd41-93f9-4e12-8b2f-0034cf772620" />
    <UnitTestResult executionId="8abddf50-a044-45d4-abf4-11bb3e114b9f" testId="20d3ef96-1ec5-f124-07fc-2c97b341c609" testName="MapMe.Tests.ExtendedApiIntegrationTests.DateMark_Create_WithExtremeCoordinates_HandlesCorrectly" computerName="Adams-MacBook-Pro" duration="00:00:00.5366554" startTime="2025-08-12T04:54:58.2001440+07:00" endTime="2025-08-12T04:54:58.2001440+07:00" testType="13cdc9d9-ddb5-4fa4-a97d-d965ccfc6d4b" outcome="Passed" testListId="8c84fa94-04c1-424b-9868-57a2d4851a1d" relativeResultsDirectory="8abddf50-a044-45d4-abf4-11bb3e114b9f" />
    <UnitTestResult executionId="57025cd5-311e-4523-ac11-804e2e2afdfa" testId="e1fcb762-7e2e-ba33-1443-92e761f380e5" testName="MapMe.Tests.ApiIntegrationTests.DateMark_CompleteWorkflow_CreatesAndListsDateMarks" computerName="Adams-MacBook-Pro" duration="00:00:00.5899725" startTime="2025-08-12T04:54:59.2938390+07:00" endTime="2025-08-12T04:54:59.2938390+07:00" testType="13cdc9d9-ddb5-4fa4-a97d-d965ccfc6d4b" outcome="Passed" testListId="8c84fa94-04c1-424b-9868-57a2d4851a1d" relativeResultsDirectory="57025cd5-311e-4523-ac11-804e2e2afdfa" />
    <UnitTestResult executionId="c408be9c-cc28-4d66-a3dd-42df462af6e2" testId="f84d9dcb-bf3a-2eb4-ab08-f117a88ef601" testName="MapMe.Tests.ApiIntegrationTests.DateMark_VisibilitySettings_AreRespected(visibility: &quot;public&quot;)" computerName="Adams-MacBook-Pro" duration="00:00:00.5008254" startTime="2025-08-12T04:54:56.5388020+07:00" endTime="2025-08-12T04:54:56.5388020+07:00" testType="13cdc9d9-ddb5-4fa4-a97d-d965ccfc6d4b" outcome="Passed" testListId="8c84fa94-04c1-424b-9868-57a2d4851a1d" relativeResultsDirectory="c408be9c-cc28-4d66-a3dd-42df462af6e2" />
    <UnitTestResult executionId="a3f3045c-2f7d-4d9c-a2aa-38aebcaf5ce1" testId="c10ecd8f-58d2-d7bc-522c-7ee6260aa183" testName="MapMe.Tests.ApiIntegrationTests.DateMark_FilteringByDateRange_ReturnsCorrectResults" computerName="Adams-MacBook-Pro" duration="00:00:00.6930615" startTime="2025-08-12T04:54:55.4276290+07:00" endTime="2025-08-12T04:54:55.4276290+07:00" testType="13cdc9d9-ddb5-4fa4-a97d-d965ccfc6d4b" outcome="Passed" testListId="8c84fa94-04c1-424b-9868-57a2d4851a1d" relativeResultsDirectory="a3f3045c-2f7d-4d9c-a2aa-38aebcaf5ce1" />
    <UnitTestResult executionId="b943187e-3fd0-4ac2-8bc4-5c689dc37d53" testId="55b92aa8-a493-9f3f-6289-6a5413f947d4" testName="MapMe.Tests.ErrorHandlingIntegrationTests.DateMark_Create_WithSpecialCharactersInArrays_HandlesCorrectly" computerName="Adams-MacBook-Pro" duration="00:00:00.2589180" startTime="2025-08-12T04:55:00.2833520+07:00" endTime="2025-08-12T04:55:00.2833520+07:00" testType="13cdc9d9-ddb5-4fa4-a97d-d965ccfc6d4b" outcome="Passed" testListId="8c84fa94-04c1-424b-9868-57a2d4851a1d" relativeResultsDirectory="b943187e-3fd0-4ac2-8bc4-5c689dc37d53" />
    <UnitTestResult executionId="09bf2ca0-a336-4c43-92af-7317b55b7c31" testId="bcf44575-74ad-aa79-2f26-05e1de5d4e85" testName="MapMe.Tests.ErrorHandlingIntegrationTests.DateMark_Create_WithManyCategories_HandlesCorrectly" computerName="Adams-MacBook-Pro" duration="00:00:00.9988864" startTime="2025-08-12T04:54:55.1749570+07:00" endTime="2025-08-12T04:54:55.1749570+07:00" testType="13cdc9d9-ddb5-4fa4-a97d-d965ccfc6d4b" outcome="Passed" testListId="8c84fa94-04c1-424b-9868-57a2d4851a1d" relativeResultsDirectory="09bf2ca0-a336-4c43-92af-7317b55b7c31" />
    <UnitTestResult executionId="eb5d2de2-7157-48f4-a7f8-6eed11c56add" testId="5defb1fc-8974-0a28-9d03-1ee89a1e4938" testName="MapMe.Tests.ExtendedApiIntegrationTests.MapDateMarks_Query_ReturnsEmptyForPrototype" computerName="Adams-MacBook-Pro" duration="00:00:00.5958765" startTime="2025-08-12T04:54:59.4276910+07:00" endTime="2025-08-12T04:54:59.4276910+07:00" testType="13cdc9d9-ddb5-4fa4-a97d-d965ccfc6d4b" outcome="Passed" testListId="8c84fa94-04c1-424b-9868-57a2d4851a1d" relativeResultsDirectory="eb5d2de2-7157-48f4-a7f8-6eed11c56add" />
    <UnitTestResult executionId="add27991-c7b8-4df2-8eea-e98ce12de207" testId="a349e94b-0008-2e34-76f7-09d9fd6da033" testName="MapMe.Tests.ExtendedApiIntegrationTests.Profile_Create_WithInvalidData_ReturnsBadRequest" computerName="Adams-MacBook-Pro" duration="00:00:00.6014513" startTime="2025-08-12T04:54:57.1404040+07:00" endTime="2025-08-12T04:54:57.1404040+07:00" testType="13cdc9d9-ddb5-4fa4-a97d-d965ccfc6d4b" outcome="Passed" testListId="8c84fa94-04c1-424b-9868-57a2d4851a1d" relativeResultsDirectory="add27991-c7b8-4df2-8eea-e98ce12de207" />
    <UnitTestResult executionId="8545d3f2-508f-4319-91fe-c26da06e6cc9" testId="3632c349-dd2f-3e90-723d-d46b906a7814" testName="MapMe.Tests.ErrorHandlingIntegrationTests.Profile_Create_WithExcessivelyLongStrings_HandlesGracefully" computerName="Adams-MacBook-Pro" duration="00:00:00.2571038" startTime="2025-08-12T04:55:00.5406740+07:00" endTime="2025-08-12T04:55:00.5406740+07:00" testType="13cdc9d9-ddb5-4fa4-a97d-d965ccfc6d4b" outcome="Passed" testListId="8c84fa94-04c1-424b-9868-57a2d4851a1d" relativeResultsDirectory="8545d3f2-508f-4319-91fe-c26da06e6cc9" />
    <UnitTestResult executionId="46d3afb3-55b5-44c3-8017-1766ec03e669" testId="564f5290-a42e-5e74-ba0a-ed0fd97e4c11" testName="MapMe.Tests.ExtendedApiIntegrationTests.ConcurrentOperations_MultipleProfileCreation_HandlesCorrectly" computerName="Adams-MacBook-Pro" duration="00:00:00.5226799" startTime="2025-08-12T04:54:57.6633150+07:00" endTime="2025-08-12T04:54:57.6633150+07:00" testType="13cdc9d9-ddb5-4fa4-a97d-d965ccfc6d4b" outcome="Passed" testListId="8c84fa94-04c1-424b-9868-57a2d4851a1d" relativeResultsDirectory="46d3afb3-55b5-44c3-8017-1766ec03e669" />
    <UnitTestResult executionId="8d68b8b0-c098-4b18-8b6e-e0a3c62c28d4" testId="b13c62f0-8540-b317-0628-868ca8f9ca58" testName="MapMe.Tests.ApiSmokeTests.DateMarks_Create_And_List_By_User" computerName="Adams-MacBook-Pro" duration="00:00:00.6818452" startTime="2025-08-12T04:54:55.4273650+07:00" endTime="2025-08-12T04:54:55.4273650+07:00" testType="13cdc9d9-ddb5-4fa4-a97d-d965ccfc6d4b" outcome="Passed" testListId="8c84fa94-04c1-424b-9868-57a2d4851a1d" relativeResultsDirectory="8d68b8b0-c098-4b18-8b6e-e0a3c62c28d4" />
    <UnitTestResult executionId="aa18f09b-9cc0-4746-980c-1112723c9858" testId="f55b9f59-f089-88c0-fc75-1f51fa3c7bc5" testName="MapMe.Tests.ApiIntegrationTests.Profile_NotFound_Returns404" computerName="Adams-MacBook-Pro" duration="00:00:00.6099644" startTime="2025-08-12T04:54:56.0378500+07:00" endTime="2025-08-12T04:54:56.0378500+07:00" testType="13cdc9d9-ddb5-4fa4-a97d-d965ccfc6d4b" outcome="Passed" testListId="8c84fa94-04c1-424b-9868-57a2d4851a1d" relativeResultsDirectory="aa18f09b-9cc0-4746-980c-1112723c9858" />
    <UnitTestResult executionId="30491e89-deb1-49fa-9a98-a302e1ffaa8e" testId="7d3500f9-fe15-a5db-18f7-7485f3ebb427" testName="MapMe.Tests.ApiIntegrationTests.DateMark_VisibilitySettings_AreRespected(visibility: &quot;private&quot;)" computerName="Adams-MacBook-Pro" duration="00:00:00.5436036" startTime="2025-08-12T04:54:57.6615580+07:00" endTime="2025-08-12T04:54:57.6615580+07:00" testType="13cdc9d9-ddb5-4fa4-a97d-d965ccfc6d4b" outcome="Passed" testListId="8c84fa94-04c1-424b-9868-57a2d4851a1d" relativeResultsDirectory="30491e89-deb1-49fa-9a98-a302e1ffaa8e" />
    <UnitTestResult executionId="553e99e7-3c4f-4548-b020-6cd82a306222" testId="a0564c8c-f64f-d0b7-a0c6-ee73b903133d" testName="MapMe.Tests.ApiIntegrationTests.DateMark_VisibilitySettings_AreRespected(visibility: &quot;friends&quot;)" computerName="Adams-MacBook-Pro" duration="00:00:00.5788131" startTime="2025-08-12T04:54:57.1177840+07:00" endTime="2025-08-12T04:54:57.1177840+07:00" testType="13cdc9d9-ddb5-4fa4-a97d-d965ccfc6d4b" outcome="Passed" testListId="8c84fa94-04c1-424b-9868-57a2d4851a1d" relativeResultsDirectory="553e99e7-3c4f-4548-b020-6cd82a306222" />
    <UnitTestResult executionId="4b640dee-b8e9-4153-b2f8-a81484cfc85c" testId="a07e639f-bee7-5859-675e-406eb66d6852" testName="MapMe.Tests.ErrorHandlingIntegrationTests.DateMark_Create_WithBoundaryCoordinates_HandlesCorrectly" computerName="Adams-MacBook-Pro" duration="00:00:00.5249595" startTime="2025-08-12T04:54:56.5353930+07:00" endTime="2025-08-12T04:54:56.5353930+07:00" testType="13cdc9d9-ddb5-4fa4-a97d-d965ccfc6d4b" outcome="Passed" testListId="8c84fa94-04c1-424b-9868-57a2d4851a1d" relativeResultsDirectory="4b640dee-b8e9-4153-b2f8-a81484cfc85c" />
    <UnitTestResult executionId="7b22f68c-a4ff-4ad4-ae90-52d4e6361261" testId="918d69b8-0567-3b62-1b94-40477ed61acc" testName="MapMe.Tests.ApiIntegrationTests.DateMarks_EmptyUser_ReturnsEmptyList" computerName="Adams-MacBook-Pro" duration="00:00:00.9860113" startTime="2025-08-12T04:54:54.7343590+07:00" endTime="2025-08-12T04:54:54.7343590+07:00" testType="13cdc9d9-ddb5-4fa4-a97d-d965ccfc6d4b" outcome="Passed" testListId="8c84fa94-04c1-424b-9868-57a2d4851a1d" relativeResultsDirectory="7b22f68c-a4ff-4ad4-ae90-52d4e6361261" />
    <UnitTestResult executionId="5b9ca01a-52ff-427b-8cc9-20bee89527bd" testId="1f5b834a-1f40-8f0d-974a-558a28b46282" testName="MapMe.Tests.ExtendedApiIntegrationTests.DateMark_FilteringCombinations_ReturnsCorrectResults" computerName="Adams-MacBook-Pro" duration="00:00:00.4013588" startTime="2025-08-12T04:54:55.4450560+07:00" endTime="2025-08-12T04:54:55.4450560+07:00" testType="13cdc9d9-ddb5-4fa4-a97d-d965ccfc6d4b" outcome="Passed" testListId="8c84fa94-04c1-424b-9868-57a2d4851a1d" relativeResultsDirectory="5b9ca01a-52ff-427b-8cc9-20bee89527bd" />
    <UnitTestResult executionId="d6dcbc0d-5eef-4fee-b8b1-ad2309880389" testId="2e14b324-12b9-253f-cfa7-357966005c0c" testName="MapMe.Tests.ApiSmokeTests.Profiles_Create_And_Get" computerName="Adams-MacBook-Pro" duration="00:00:00.9968141" startTime="2025-08-12T04:54:54.7453250+07:00" endTime="2025-08-12T04:54:54.7453250+07:00" testType="13cdc9d9-ddb5-4fa4-a97d-d965ccfc6d4b" outcome="Passed" testListId="8c84fa94-04c1-424b-9868-57a2d4851a1d" relativeResultsDirectory="d6dcbc0d-5eef-4fee-b8b1-ad2309880389" />
    <UnitTestResult executionId="48c24320-96ea-4e93-a89f-99baf6f1c076" testId="392b8f8a-ffa2-54af-3387-d04bba9bfdc1" testName="MapMe.Tests.ErrorHandlingIntegrationTests.Profile_UnsupportedHttpMethods_ReturnMethodNotAllowed" computerName="Adams-MacBook-Pro" duration="00:00:00.7135163" startTime="2025-08-12T04:54:58.9595760+07:00" endTime="2025-08-12T04:54:58.9595760+07:00" testType="13cdc9d9-ddb5-4fa4-a97d-d965ccfc6d4b" outcome="Passed" testListId="8c84fa94-04c1-424b-9868-57a2d4851a1d" relativeResultsDirectory="48c24320-96ea-4e93-a89f-99baf6f1c076" />
    <UnitTestResult executionId="7ce4c33b-809c-4320-b47e-8c540fb2db5c" testId="b6bf0b68-ca39-395d-a92c-70d15117ba62" testName="MapMe.Tests.ExtendedApiIntegrationTests.DateMark_Create_WithInvalidData_ReturnsBadRequest" computerName="Adams-MacBook-Pro" duration="00:00:00.5199605" startTime="2025-08-12T04:54:56.5387410+07:00" endTime="2025-08-12T04:54:56.5387410+07:00" testType="13cdc9d9-ddb5-4fa4-a97d-d965ccfc6d4b" outcome="Passed" testListId="8c84fa94-04c1-424b-9868-57a2d4851a1d" relativeResultsDirectory="7ce4c33b-809c-4320-b47e-8c540fb2db5c" />
    <UnitTestResult executionId="58cb30d5-877a-4967-afad-09335fd15652" testId="3d3a8ff1-f9b0-d995-6e04-6725082233ab" testName="MapMe.Tests.ExtendedApiIntegrationTests.DateMark_EmptyArraysAndNulls_HandlesCorrectly" computerName="Adams-MacBook-Pro" duration="00:00:01.2952231" startTime="2025-08-12T04:54:55.1750710+07:00" endTime="2025-08-12T04:54:55.1750710+07:00" testType="13cdc9d9-ddb5-4fa4-a97d-d965ccfc6d4b" outcome="Passed" testListId="8c84fa94-04c1-424b-9868-57a2d4851a1d" relativeResultsDirectory="58cb30d5-877a-4967-afad-09335fd15652" />
    <UnitTestResult executionId="9ea327e1-4d94-4b5a-817a-83201c8f40fd" testId="01e8d627-4fef-47ec-1699-619ca36cdd21" testName="MapMe.Tests.ErrorHandlingIntegrationTests.Profile_Create_WithMalformedJson_ReturnsBadRequest" computerName="Adams-MacBook-Pro" duration="00:00:00.2904431" startTime="2025-08-12T04:54:59.7698450+07:00" endTime="2025-08-12T04:54:59.7698450+07:00" testType="13cdc9d9-ddb5-4fa4-a97d-d965ccfc6d4b" outcome="Passed" testListId="8c84fa94-04c1-424b-9868-57a2d4851a1d" relativeResultsDirectory="9ea327e1-4d94-4b5a-817a-83201c8f40fd" />
  </Results>
  <TestDefinitions>
    <UnitTest name="MapMe.Tests.ExtendedApiIntegrationTests.DateMark_Create_WithInvalidData_ReturnsBadRequest" storage="/users/adamzaplatilek/github/mapme/mapme/mapme.tests/bin/release/net10.0/mapme.tests.dll" id="b6bf0b68-ca39-395d-a92c-70d15117ba62">
      <Execution id="7ce4c33b-809c-4320-b47e-8c540fb2db5c" />
      <TestMethod codeBase="/Users/adamzaplatilek/GitHub/MapMe/MapMe/MapMe.Tests/bin/Release/net10.0/MapMe.Tests.dll" adapterTypeName="executor://xunit/VsTestRunner2/netcoreapp" className="MapMe.Tests.ExtendedApiIntegrationTests" name="DateMark_Create_WithInvalidData_ReturnsBadRequest" />
    </UnitTest>
    <UnitTest name="MapMe.Tests.NormalizationTests.ToNorm_Removes_Diacritics_And_Punctuation_And_Lowercases" storage="/users/adamzaplatilek/github/mapme/mapme/mapme.tests/bin/release/net10.0/mapme.tests.dll" id="15a69689-ac9f-bd90-52e0-f559c0b50dc3">
      <Execution id="bce9ae96-100a-40c7-94ce-191e45124d7b" />
      <TestMethod codeBase="/Users/adamzaplatilek/GitHub/MapMe/MapMe/MapMe.Tests/bin/Release/net10.0/MapMe.Tests.dll" adapterTypeName="executor://xunit/VsTestRunner2/netcoreapp" className="MapMe.Tests.NormalizationTests" name="ToNorm_Removes_Diacritics_And_Punctuation_And_Lowercases" />
    </UnitTest>
    <UnitTest name="MapMe.Tests.ErrorHandlingIntegrationTests.Profile_Create_WithWrongContentType_ReturnsBadRequest" storage="/users/adamzaplatilek/github/mapme/mapme/mapme.tests/bin/release/net10.0/mapme.tests.dll" id="a467f50e-8928-ce92-dc48-be7f3d913283">
      <Execution id="fe961236-177d-499c-979f-88fb01c0fd38" />
      <TestMethod codeBase="/Users/adamzaplatilek/GitHub/MapMe/MapMe/MapMe.Tests/bin/Release/net10.0/MapMe.Tests.dll" adapterTypeName="executor://xunit/VsTestRunner2/netcoreapp" className="MapMe.Tests.ErrorHandlingIntegrationTests" name="Profile_Create_WithWrongContentType_ReturnsBadRequest" />
    </UnitTest>
    <UnitTest name="MapMe.Tests.ExtendedApiIntegrationTests.Profile_Update_ExistingProfile_ModifiesCorrectly" storage="/users/adamzaplatilek/github/mapme/mapme/mapme.tests/bin/release/net10.0/mapme.tests.dll" id="de8bf758-b03b-e20e-69c9-ef05dfd4fb46">
      <Execution id="01f88b20-96ca-43a1-96a8-e6f27890403d" />
      <TestMethod codeBase="/Users/adamzaplatilek/GitHub/MapMe/MapMe/MapMe.Tests/bin/Release/net10.0/MapMe.Tests.dll" adapterTypeName="executor://xunit/VsTestRunner2/netcoreapp" className="MapMe.Tests.ExtendedApiIntegrationTests" name="Profile_Update_ExistingProfile_ModifiesCorrectly" />
    </UnitTest>
    <UnitTest name="MapMe.Tests.ApiIntegrationTests.DateMark_CompleteWorkflow_CreatesAndListsDateMarks" storage="/users/adamzaplatilek/github/mapme/mapme/mapme.tests/bin/release/net10.0/mapme.tests.dll" id="e1fcb762-7e2e-ba33-1443-92e761f380e5">
      <Execution id="57025cd5-311e-4523-ac11-804e2e2afdfa" />
      <TestMethod codeBase="/Users/adamzaplatilek/GitHub/MapMe/MapMe/MapMe.Tests/bin/Release/net10.0/MapMe.Tests.dll" adapterTypeName="executor://xunit/VsTestRunner2/netcoreapp" className="MapMe.Tests.ApiIntegrationTests" name="DateMark_CompleteWorkflow_CreatesAndListsDateMarks" />
    </UnitTest>
    <UnitTest name="MapMe.Tests.ApiIntegrationTests.DateMark_VisibilitySettings_AreRespected(visibility: &quot;private&quot;)" storage="/users/adamzaplatilek/github/mapme/mapme/mapme.tests/bin/release/net10.0/mapme.tests.dll" id="7d3500f9-fe15-a5db-18f7-7485f3ebb427">
      <Execution id="30491e89-deb1-49fa-9a98-a302e1ffaa8e" />
      <TestMethod codeBase="/Users/adamzaplatilek/GitHub/MapMe/MapMe/MapMe.Tests/bin/Release/net10.0/MapMe.Tests.dll" adapterTypeName="executor://xunit/VsTestRunner2/netcoreapp" className="MapMe.Tests.ApiIntegrationTests" name="DateMark_VisibilitySettings_AreRespected" />
    </UnitTest>
    <UnitTest name="MapMe.Tests.ExtendedApiIntegrationTests.DateMark_Create_WithExtremeCoordinates_HandlesCorrectly" storage="/users/adamzaplatilek/github/mapme/mapme/mapme.tests/bin/release/net10.0/mapme.tests.dll" id="20d3ef96-1ec5-f124-07fc-2c97b341c609">
      <Execution id="8abddf50-a044-45d4-abf4-11bb3e114b9f" />
      <TestMethod codeBase="/Users/adamzaplatilek/GitHub/MapMe/MapMe/MapMe.Tests/bin/Release/net10.0/MapMe.Tests.dll" adapterTypeName="executor://xunit/VsTestRunner2/netcoreapp" className="MapMe.Tests.ExtendedApiIntegrationTests" name="DateMark_Create_WithExtremeCoordinates_HandlesCorrectly" />
    </UnitTest>
    <UnitTest name="MapMe.Tests.ApiIntegrationTests.UserProfile_CompleteWorkflow_CreatesAndRetrievesProfile" storage="/users/adamzaplatilek/github/mapme/mapme/mapme.tests/bin/release/net10.0/mapme.tests.dll" id="43a57797-e8d6-4267-fa5a-c63a5f5d9b4e">
      <Execution id="f5b1c388-9657-41e2-82ff-28c16dfdb122" />
      <TestMethod codeBase="/Users/adamzaplatilek/GitHub/MapMe/MapMe/MapMe.Tests/bin/Release/net10.0/MapMe.Tests.dll" adapterTypeName="executor://xunit/VsTestRunner2/netcoreapp" className="MapMe.Tests.ApiIntegrationTests" name="UserProfile_CompleteWorkflow_CreatesAndRetrievesProfile" />
    </UnitTest>
    <UnitTest name="MapMe.Tests.ApiSmokeTests.Profiles_Create_And_Get" storage="/users/adamzaplatilek/github/mapme/mapme/mapme.tests/bin/release/net10.0/mapme.tests.dll" id="2e14b324-12b9-253f-cfa7-357966005c0c">
      <Execution id="d6dcbc0d-5eef-4fee-b8b1-ad2309880389" />
      <TestMethod codeBase="/Users/adamzaplatilek/GitHub/MapMe/MapMe/MapMe.Tests/bin/Release/net10.0/MapMe.Tests.dll" adapterTypeName="executor://xunit/VsTestRunner2/netcoreapp" className="MapMe.Tests.ApiSmokeTests" name="Profiles_Create_And_Get" />
    </UnitTest>
    <UnitTest name="MapMe.Tests.ErrorHandlingIntegrationTests.DateMark_Create_WithSpecialCharactersInArrays_HandlesCorrectly" storage="/users/adamzaplatilek/github/mapme/mapme/mapme.tests/bin/release/net10.0/mapme.tests.dll" id="55b92aa8-a493-9f3f-6289-6a5413f947d4">
      <Execution id="b943187e-3fd0-4ac2-8bc4-5c689dc37d53" />
      <TestMethod codeBase="/Users/adamzaplatilek/GitHub/MapMe/MapMe/MapMe.Tests/bin/Release/net10.0/MapMe.Tests.dll" adapterTypeName="executor://xunit/VsTestRunner2/netcoreapp" className="MapMe.Tests.ErrorHandlingIntegrationTests" name="DateMark_Create_WithSpecialCharactersInArrays_HandlesCorrectly" />
    </UnitTest>
    <UnitTest name="MapMe.Tests.ApiSmokeTests.DateMarks_Create_And_List_By_User" storage="/users/adamzaplatilek/github/mapme/mapme/mapme.tests/bin/release/net10.0/mapme.tests.dll" id="b13c62f0-8540-b317-0628-868ca8f9ca58">
      <Execution id="8d68b8b0-c098-4b18-8b6e-e0a3c62c28d4" />
      <TestMethod codeBase="/Users/adamzaplatilek/GitHub/MapMe/MapMe/MapMe.Tests/bin/Release/net10.0/MapMe.Tests.dll" adapterTypeName="executor://xunit/VsTestRunner2/netcoreapp" className="MapMe.Tests.ApiSmokeTests" name="DateMarks_Create_And_List_By_User" />
    </UnitTest>
    <UnitTest name="MapMe.Tests.InMemoryRepositoryTests.UserProfile_InMemory_Upsert_And_Get" storage="/users/adamzaplatilek/github/mapme/mapme/mapme.tests/bin/release/net10.0/mapme.tests.dll" id="ce8d9085-257d-d7d4-fda4-d09aafc89d94">
      <Execution id="67983690-72c5-4282-a76f-eba25e85e289" />
      <TestMethod codeBase="/Users/adamzaplatilek/GitHub/MapMe/MapMe/MapMe.Tests/bin/Release/net10.0/MapMe.Tests.dll" adapterTypeName="executor://xunit/VsTestRunner2/netcoreapp" className="MapMe.Tests.InMemoryRepositoryTests" name="UserProfile_InMemory_Upsert_And_Get" />
    </UnitTest>
    <UnitTest name="MapMe.Tests.ErrorHandlingIntegrationTests.DateMark_Query_WithExtremelyLongQueryString_HandlesGracefully" storage="/users/adamzaplatilek/github/mapme/mapme/mapme.tests/bin/release/net10.0/mapme.tests.dll" id="69967aec-93ea-5719-8f75-1adce4a52868">
      <Execution id="29ec7c16-60ad-4c4a-ba2f-ddd8947dd50e" />
      <TestMethod codeBase="/Users/adamzaplatilek/GitHub/MapMe/MapMe/MapMe.Tests/bin/Release/net10.0/MapMe.Tests.dll" adapterTypeName="executor://xunit/VsTestRunner2/netcoreapp" className="MapMe.Tests.ErrorHandlingIntegrationTests" name="DateMark_Query_WithExtremelyLongQueryString_HandlesGracefully" />
    </UnitTest>
    <UnitTest name="MapMe.Tests.ApiIntegrationTests.DateMark_UpdateExisting_ModifiesCorrectly" storage="/users/adamzaplatilek/github/mapme/mapme/mapme.tests/bin/release/net10.0/mapme.tests.dll" id="9d132666-049a-2cef-9037-d675521ac78d">
      <Execution id="03745b9c-a4b5-427d-93e7-54f44c82bce9" />
      <TestMethod codeBase="/Users/adamzaplatilek/GitHub/MapMe/MapMe/MapMe.Tests/bin/Release/net10.0/MapMe.Tests.dll" adapterTypeName="executor://xunit/VsTestRunner2/netcoreapp" className="MapMe.Tests.ApiIntegrationTests" name="DateMark_UpdateExisting_ModifiesCorrectly" />
    </UnitTest>
    <UnitTest name="MapMe.Tests.ApiIntegrationTests.DateMark_VisibilitySettings_AreRespected(visibility: &quot;public&quot;)" storage="/users/adamzaplatilek/github/mapme/mapme/mapme.tests/bin/release/net10.0/mapme.tests.dll" id="f84d9dcb-bf3a-2eb4-ab08-f117a88ef601">
      <Execution id="c408be9c-cc28-4d66-a3dd-42df462af6e2" />
      <TestMethod codeBase="/Users/adamzaplatilek/GitHub/MapMe/MapMe/MapMe.Tests/bin/Release/net10.0/MapMe.Tests.dll" adapterTypeName="executor://xunit/VsTestRunner2/netcoreapp" className="MapMe.Tests.ApiIntegrationTests" name="DateMark_VisibilitySettings_AreRespected" />
    </UnitTest>
    <UnitTest name="MapMe.Tests.ErrorHandlingIntegrationTests.Profile_Create_WithMalformedJson_ReturnsBadRequest" storage="/users/adamzaplatilek/github/mapme/mapme/mapme.tests/bin/release/net10.0/mapme.tests.dll" id="01e8d627-4fef-47ec-1699-619ca36cdd21">
      <Execution id="9ea327e1-4d94-4b5a-817a-83201c8f40fd" />
      <TestMethod codeBase="/Users/adamzaplatilek/GitHub/MapMe/MapMe/MapMe.Tests/bin/Release/net10.0/MapMe.Tests.dll" adapterTypeName="executor://xunit/VsTestRunner2/netcoreapp" className="MapMe.Tests.ErrorHandlingIntegrationTests" name="Profile_Create_WithMalformedJson_ReturnsBadRequest" />
    </UnitTest>
    <UnitTest name="MapMe.Tests.ErrorHandlingIntegrationTests.DateMark_Query_WithInvalidQueryParameters_HandlesGracefully" storage="/users/adamzaplatilek/github/mapme/mapme/mapme.tests/bin/release/net10.0/mapme.tests.dll" id="bd4eda91-769c-68a3-3336-24c5260e11cc">
      <Execution id="384e1742-d7cf-4478-9222-f17717d37aa7" />
      <TestMethod codeBase="/Users/adamzaplatilek/GitHub/MapMe/MapMe/MapMe.Tests/bin/Release/net10.0/MapMe.Tests.dll" adapterTypeName="executor://xunit/VsTestRunner2/netcoreapp" className="MapMe.Tests.ErrorHandlingIntegrationTests" name="DateMark_Query_WithInvalidQueryParameters_HandlesGracefully" />
    </UnitTest>
    <UnitTest name="MapMe.Tests.ErrorHandlingIntegrationTests.Profile_Create_WithSpecialCharacters_HandlesCorrectly" storage="/users/adamzaplatilek/github/mapme/mapme/mapme.tests/bin/release/net10.0/mapme.tests.dll" id="3fd022d9-ba8a-3de7-f381-3d8f18ee1d21">
      <Execution id="0b20bd41-93f9-4e12-8b2f-0034cf772620" />
      <TestMethod codeBase="/Users/adamzaplatilek/GitHub/MapMe/MapMe/MapMe.Tests/bin/Release/net10.0/MapMe.Tests.dll" adapterTypeName="executor://xunit/VsTestRunner2/netcoreapp" className="MapMe.Tests.ErrorHandlingIntegrationTests" name="Profile_Create_WithSpecialCharacters_HandlesCorrectly" />
    </UnitTest>
    <UnitTest name="MapMe.Tests.ExtendedApiIntegrationTests.DateMark_EmptyArraysAndNulls_HandlesCorrectly" storage="/users/adamzaplatilek/github/mapme/mapme/mapme.tests/bin/release/net10.0/mapme.tests.dll" id="3d3a8ff1-f9b0-d995-6e04-6725082233ab">
      <Execution id="58cb30d5-877a-4967-afad-09335fd15652" />
      <TestMethod codeBase="/Users/adamzaplatilek/GitHub/MapMe/MapMe/MapMe.Tests/bin/Release/net10.0/MapMe.Tests.dll" adapterTypeName="executor://xunit/VsTestRunner2/netcoreapp" className="MapMe.Tests.ExtendedApiIntegrationTests" name="DateMark_EmptyArraysAndNulls_HandlesCorrectly" />
    </UnitTest>
    <UnitTest name="MapMe.Tests.ErrorHandlingIntegrationTests.Profile_UnsupportedHttpMethods_ReturnMethodNotAllowed" storage="/users/adamzaplatilek/github/mapme/mapme/mapme.tests/bin/release/net10.0/mapme.tests.dll" id="392b8f8a-ffa2-54af-3387-d04bba9bfdc1">
      <Execution id="48c24320-96ea-4e93-a89f-99baf6f1c076" />
      <TestMethod codeBase="/Users/adamzaplatilek/GitHub/MapMe/MapMe/MapMe.Tests/bin/Release/net10.0/MapMe.Tests.dll" adapterTypeName="executor://xunit/VsTestRunner2/netcoreapp" className="MapMe.Tests.ErrorHandlingIntegrationTests" name="Profile_UnsupportedHttpMethods_ReturnMethodNotAllowed" />
    </UnitTest>
    <UnitTest name="MapMe.Tests.ApiIntegrationTests.DateMark_VisibilitySettings_AreRespected(visibility: &quot;friends&quot;)" storage="/users/adamzaplatilek/github/mapme/mapme/mapme.tests/bin/release/net10.0/mapme.tests.dll" id="a0564c8c-f64f-d0b7-a0c6-ee73b903133d">
      <Execution id="553e99e7-3c4f-4548-b020-6cd82a306222" />
      <TestMethod codeBase="/Users/adamzaplatilek/GitHub/MapMe/MapMe/MapMe.Tests/bin/Release/net10.0/MapMe.Tests.dll" adapterTypeName="executor://xunit/VsTestRunner2/netcoreapp" className="MapMe.Tests.ApiIntegrationTests" name="DateMark_VisibilitySettings_AreRespected" />
    </UnitTest>
    <UnitTest name="MapMe.Tests.InMemoryRepositoryTests.DateMarks_InMemory_Filtering_Works" storage="/users/adamzaplatilek/github/mapme/mapme/mapme.tests/bin/release/net10.0/mapme.tests.dll" id="e73246bd-9452-0519-22d8-5ecd6b6f4191">
      <Execution id="0f2ef0c1-03da-414d-ac2d-875e875b37f8" />
      <TestMethod codeBase="/Users/adamzaplatilek/GitHub/MapMe/MapMe/MapMe.Tests/bin/Release/net10.0/MapMe.Tests.dll" adapterTypeName="executor://xunit/VsTestRunner2/netcoreapp" className="MapMe.Tests.InMemoryRepositoryTests" name="DateMarks_InMemory_Filtering_Works" />
    </UnitTest>
    <UnitTest name="MapMe.Tests.ExtendedApiIntegrationTests.DateMark_FilteringCombinations_ReturnsCorrectResults" storage="/users/adamzaplatilek/github/mapme/mapme/mapme.tests/bin/release/net10.0/mapme.tests.dll" id="1f5b834a-1f40-8f0d-974a-558a28b46282">
      <Execution id="5b9ca01a-52ff-427b-8cc9-20bee89527bd" />
      <TestMethod codeBase="/Users/adamzaplatilek/GitHub/MapMe/MapMe/MapMe.Tests/bin/Release/net10.0/MapMe.Tests.dll" adapterTypeName="executor://xunit/VsTestRunner2/netcoreapp" className="MapMe.Tests.ExtendedApiIntegrationTests" name="DateMark_FilteringCombinations_ReturnsCorrectResults" />
    </UnitTest>
    <UnitTest name="MapMe.Tests.ErrorHandlingIntegrationTests.DateMark_Create_WithManyCategories_HandlesCorrectly" storage="/users/adamzaplatilek/github/mapme/mapme/mapme.tests/bin/release/net10.0/mapme.tests.dll" id="bcf44575-74ad-aa79-2f26-05e1de5d4e85">
      <Execution id="09bf2ca0-a336-4c43-92af-7317b55b7c31" />
      <TestMethod codeBase="/Users/adamzaplatilek/GitHub/MapMe/MapMe/MapMe.Tests/bin/Release/net10.0/MapMe.Tests.dll" adapterTypeName="executor://xunit/VsTestRunner2/netcoreapp" className="MapMe.Tests.ErrorHandlingIntegrationTests" name="DateMark_Create_WithManyCategories_HandlesCorrectly" />
    </UnitTest>
    <UnitTest name="MapMe.Tests.NormalizationTests.ToNorm_Filters_Empty_And_Duplicates" storage="/users/adamzaplatilek/github/mapme/mapme/mapme.tests/bin/release/net10.0/mapme.tests.dll" id="10ba1ee7-a45b-ddd2-1f57-0e6bac1f2f13">
      <Execution id="ee8d7ca9-9718-4418-85a4-3eaadaf8aedb" />
      <TestMethod codeBase="/Users/adamzaplatilek/GitHub/MapMe/MapMe/MapMe.Tests/bin/Release/net10.0/MapMe.Tests.dll" adapterTypeName="executor://xunit/VsTestRunner2/netcoreapp" className="MapMe.Tests.NormalizationTests" name="ToNorm_Filters_Empty_And_Duplicates" />
    </UnitTest>
    <UnitTest name="MapMe.Tests.ErrorHandlingIntegrationTests.DateMark_Create_WithBoundaryCoordinates_HandlesCorrectly" storage="/users/adamzaplatilek/github/mapme/mapme/mapme.tests/bin/release/net10.0/mapme.tests.dll" id="a07e639f-bee7-5859-675e-406eb66d6852">
      <Execution id="4b640dee-b8e9-4153-b2f8-a81484cfc85c" />
      <TestMethod codeBase="/Users/adamzaplatilek/GitHub/MapMe/MapMe/MapMe.Tests/bin/Release/net10.0/MapMe.Tests.dll" adapterTypeName="executor://xunit/VsTestRunner2/netcoreapp" className="MapMe.Tests.ErrorHandlingIntegrationTests" name="DateMark_Create_WithBoundaryCoordinates_HandlesCorrectly" />
    </UnitTest>
    <UnitTest name="MapMe.Tests.ApiIntegrationTests.DateMark_FilteringByDateRange_ReturnsCorrectResults" storage="/users/adamzaplatilek/github/mapme/mapme/mapme.tests/bin/release/net10.0/mapme.tests.dll" id="c10ecd8f-58d2-d7bc-522c-7ee6260aa183">
      <Execution id="a3f3045c-2f7d-4d9c-a2aa-38aebcaf5ce1" />
      <TestMethod codeBase="/Users/adamzaplatilek/GitHub/MapMe/MapMe/MapMe.Tests/bin/Release/net10.0/MapMe.Tests.dll" adapterTypeName="executor://xunit/VsTestRunner2/netcoreapp" className="MapMe.Tests.ApiIntegrationTests" name="DateMark_FilteringByDateRange_ReturnsCorrectResults" />
    </UnitTest>
    <UnitTest name="MapMe.Tests.ErrorHandlingIntegrationTests.DateMark_UnsupportedHttpMethods_ReturnMethodNotAllowed" storage="/users/adamzaplatilek/github/mapme/mapme/mapme.tests/bin/release/net10.0/mapme.tests.dll" id="bfa49886-b8c5-6319-98bf-738ba44816dc">
      <Execution id="d56200d2-a222-4d1a-a20f-6e07719f39b1" />
      <TestMethod codeBase="/Users/adamzaplatilek/GitHub/MapMe/MapMe/MapMe.Tests/bin/Release/net10.0/MapMe.Tests.dll" adapterTypeName="executor://xunit/VsTestRunner2/netcoreapp" className="MapMe.Tests.ErrorHandlingIntegrationTests" name="DateMark_UnsupportedHttpMethods_ReturnMethodNotAllowed" />
    </UnitTest>
    <UnitTest name="MapMe.Tests.ErrorHandlingIntegrationTests.DateMark_Create_WithMalformedJson_ReturnsBadRequest" storage="/users/adamzaplatilek/github/mapme/mapme/mapme.tests/bin/release/net10.0/mapme.tests.dll" id="c30b884c-9a00-2f15-ba4b-f26e812a36f7">
      <Execution id="30aadef5-281c-46ba-ae08-75fbb319f4e1" />
      <TestMethod codeBase="/Users/adamzaplatilek/GitHub/MapMe/MapMe/MapMe.Tests/bin/Release/net10.0/MapMe.Tests.dll" adapterTypeName="executor://xunit/VsTestRunner2/netcoreapp" className="MapMe.Tests.ErrorHandlingIntegrationTests" name="DateMark_Create_WithMalformedJson_ReturnsBadRequest" />
    </UnitTest>
    <UnitTest name="MapMe.Tests.ExtendedApiIntegrationTests.ConcurrentOperations_MultipleProfileCreation_HandlesCorrectly" storage="/users/adamzaplatilek/github/mapme/mapme/mapme.tests/bin/release/net10.0/mapme.tests.dll" id="564f5290-a42e-5e74-ba0a-ed0fd97e4c11">
      <Execution id="46d3afb3-55b5-44c3-8017-1766ec03e669" />
      <TestMethod codeBase="/Users/adamzaplatilek/GitHub/MapMe/MapMe/MapMe.Tests/bin/Release/net10.0/MapMe.Tests.dll" adapterTypeName="executor://xunit/VsTestRunner2/netcoreapp" className="MapMe.Tests.ExtendedApiIntegrationTests" name="ConcurrentOperations_MultipleProfileCreation_HandlesCorrectly" />
    </UnitTest>
    <UnitTest name="MapMe.Tests.ExtendedApiIntegrationTests.DateMark_DateRangeEdgeCases_HandlesCorrectly" storage="/users/adamzaplatilek/github/mapme/mapme/mapme.tests/bin/release/net10.0/mapme.tests.dll" id="17c53a49-97e6-d8f8-98e3-07d519c83924">
      <Execution id="22819876-11f8-465a-8811-9c2fff5cbfec" />
      <TestMethod codeBase="/Users/adamzaplatilek/GitHub/MapMe/MapMe/MapMe.Tests/bin/Release/net10.0/MapMe.Tests.dll" adapterTypeName="executor://xunit/VsTestRunner2/netcoreapp" className="MapMe.Tests.ExtendedApiIntegrationTests" name="DateMark_DateRangeEdgeCases_HandlesCorrectly" />
    </UnitTest>
    <UnitTest name="MapMe.Tests.ErrorHandlingIntegrationTests.Profile_Create_WithExcessivelyLongStrings_HandlesGracefully" storage="/users/adamzaplatilek/github/mapme/mapme/mapme.tests/bin/release/net10.0/mapme.tests.dll" id="3632c349-dd2f-3e90-723d-d46b906a7814">
      <Execution id="8545d3f2-508f-4319-91fe-c26da06e6cc9" />
      <TestMethod codeBase="/Users/adamzaplatilek/GitHub/MapMe/MapMe/MapMe.Tests/bin/Release/net10.0/MapMe.Tests.dll" adapterTypeName="executor://xunit/VsTestRunner2/netcoreapp" className="MapMe.Tests.ErrorHandlingIntegrationTests" name="Profile_Create_WithExcessivelyLongStrings_HandlesGracefully" />
    </UnitTest>
    <UnitTest name="MapMe.Tests.ApiIntegrationTests.Profile_NotFound_Returns404" storage="/users/adamzaplatilek/github/mapme/mapme/mapme.tests/bin/release/net10.0/mapme.tests.dll" id="f55b9f59-f089-88c0-fc75-1f51fa3c7bc5">
      <Execution id="aa18f09b-9cc0-4746-980c-1112723c9858" />
      <TestMethod codeBase="/Users/adamzaplatilek/GitHub/MapMe/MapMe/MapMe.Tests/bin/Release/net10.0/MapMe.Tests.dll" adapterTypeName="executor://xunit/VsTestRunner2/netcoreapp" className="MapMe.Tests.ApiIntegrationTests" name="Profile_NotFound_Returns404" />
    </UnitTest>
    <UnitTest name="MapMe.Tests.ExtendedApiIntegrationTests.MapDateMarks_Query_ReturnsEmptyForPrototype" storage="/users/adamzaplatilek/github/mapme/mapme/mapme.tests/bin/release/net10.0/mapme.tests.dll" id="5defb1fc-8974-0a28-9d03-1ee89a1e4938">
      <Execution id="eb5d2de2-7157-48f4-a7f8-6eed11c56add" />
      <TestMethod codeBase="/Users/adamzaplatilek/GitHub/MapMe/MapMe/MapMe.Tests/bin/Release/net10.0/MapMe.Tests.dll" adapterTypeName="executor://xunit/VsTestRunner2/netcoreapp" className="MapMe.Tests.ExtendedApiIntegrationTests" name="MapDateMarks_Query_ReturnsEmptyForPrototype" />
    </UnitTest>
    <UnitTest name="MapMe.Tests.ExtendedApiIntegrationTests.Profile_Create_WithInvalidData_ReturnsBadRequest" storage="/users/adamzaplatilek/github/mapme/mapme/mapme.tests/bin/release/net10.0/mapme.tests.dll" id="a349e94b-0008-2e34-76f7-09d9fd6da033">
      <Execution id="add27991-c7b8-4df2-8eea-e98ce12de207" />
      <TestMethod codeBase="/Users/adamzaplatilek/GitHub/MapMe/MapMe/MapMe.Tests/bin/Release/net10.0/MapMe.Tests.dll" adapterTypeName="executor://xunit/VsTestRunner2/netcoreapp" className="MapMe.Tests.ExtendedApiIntegrationTests" name="Profile_Create_WithInvalidData_ReturnsBadRequest" />
    </UnitTest>
    <UnitTest name="MapMe.Tests.ApiIntegrationTests.DateMark_FilteringByCategories_ReturnsCorrectResults" storage="/users/adamzaplatilek/github/mapme/mapme/mapme.tests/bin/release/net10.0/mapme.tests.dll" id="4a9ff9b6-10c5-9acd-4eb9-cab6a86f7b1e">
      <Execution id="501922fd-47c2-49c3-ad53-5aa4b59121c5" />
      <TestMethod codeBase="/Users/adamzaplatilek/GitHub/MapMe/MapMe/MapMe.Tests/bin/Release/net10.0/MapMe.Tests.dll" adapterTypeName="executor://xunit/VsTestRunner2/netcoreapp" className="MapMe.Tests.ApiIntegrationTests" name="DateMark_FilteringByCategories_ReturnsCorrectResults" />
    </UnitTest>
    <UnitTest name="MapMe.Tests.ErrorHandlingIntegrationTests.Profile_Create_WithManyPhotos_HandlesCorrectly" storage="/users/adamzaplatilek/github/mapme/mapme/mapme.tests/bin/release/net10.0/mapme.tests.dll" id="6bdd0e70-ab80-e944-5486-35acf451dd25">
      <Execution id="b201ddcd-e574-4f18-85d0-4f311e579eeb" />
      <TestMethod codeBase="/Users/adamzaplatilek/GitHub/MapMe/MapMe/MapMe.Tests/bin/Release/net10.0/MapMe.Tests.dll" adapterTypeName="executor://xunit/VsTestRunner2/netcoreapp" className="MapMe.Tests.ErrorHandlingIntegrationTests" name="Profile_Create_WithManyPhotos_HandlesCorrectly" />
    </UnitTest>
    <UnitTest name="MapMe.Tests.ApiIntegrationTests.DateMarks_EmptyUser_ReturnsEmptyList" storage="/users/adamzaplatilek/github/mapme/mapme/mapme.tests/bin/release/net10.0/mapme.tests.dll" id="918d69b8-0567-3b62-1b94-40477ed61acc">
      <Execution id="7b22f68c-a4ff-4ad4-ae90-52d4e6361261" />
      <TestMethod codeBase="/Users/adamzaplatilek/GitHub/MapMe/MapMe/MapMe.Tests/bin/Release/net10.0/MapMe.Tests.dll" adapterTypeName="executor://xunit/VsTestRunner2/netcoreapp" className="MapMe.Tests.ApiIntegrationTests" name="DateMarks_EmptyUser_ReturnsEmptyList" />
    </UnitTest>
  </TestDefinitions>
  <TestEntries>
    <TestEntry testId="a467f50e-8928-ce92-dc48-be7f3d913283" executionId="fe961236-177d-499c-979f-88fb01c0fd38" testListId="8c84fa94-04c1-424b-9868-57a2d4851a1d" />
    <TestEntry testId="43a57797-e8d6-4267-fa5a-c63a5f5d9b4e" executionId="f5b1c388-9657-41e2-82ff-28c16dfdb122" testListId="8c84fa94-04c1-424b-9868-57a2d4851a1d" />
    <TestEntry testId="bd4eda91-769c-68a3-3336-24c5260e11cc" executionId="384e1742-d7cf-4478-9222-f17717d37aa7" testListId="8c84fa94-04c1-424b-9868-57a2d4851a1d" />
    <TestEntry testId="15a69689-ac9f-bd90-52e0-f559c0b50dc3" executionId="bce9ae96-100a-40c7-94ce-191e45124d7b" testListId="8c84fa94-04c1-424b-9868-57a2d4851a1d" />
    <TestEntry testId="4a9ff9b6-10c5-9acd-4eb9-cab6a86f7b1e" executionId="501922fd-47c2-49c3-ad53-5aa4b59121c5" testListId="8c84fa94-04c1-424b-9868-57a2d4851a1d" />
    <TestEntry testId="10ba1ee7-a45b-ddd2-1f57-0e6bac1f2f13" executionId="ee8d7ca9-9718-4418-85a4-3eaadaf8aedb" testListId="8c84fa94-04c1-424b-9868-57a2d4851a1d" />
    <TestEntry testId="69967aec-93ea-5719-8f75-1adce4a52868" executionId="29ec7c16-60ad-4c4a-ba2f-ddd8947dd50e" testListId="8c84fa94-04c1-424b-9868-57a2d4851a1d" />
    <TestEntry testId="e73246bd-9452-0519-22d8-5ecd6b6f4191" executionId="0f2ef0c1-03da-414d-ac2d-875e875b37f8" testListId="8c84fa94-04c1-424b-9868-57a2d4851a1d" />
    <TestEntry testId="de8bf758-b03b-e20e-69c9-ef05dfd4fb46" executionId="01f88b20-96ca-43a1-96a8-e6f27890403d" testListId="8c84fa94-04c1-424b-9868-57a2d4851a1d" />
    <TestEntry testId="c30b884c-9a00-2f15-ba4b-f26e812a36f7" executionId="30aadef5-281c-46ba-ae08-75fbb319f4e1" testListId="8c84fa94-04c1-424b-9868-57a2d4851a1d" />
    <TestEntry testId="17c53a49-97e6-d8f8-98e3-07d519c83924" executionId="22819876-11f8-465a-8811-9c2fff5cbfec" testListId="8c84fa94-04c1-424b-9868-57a2d4851a1d" />
    <TestEntry testId="bfa49886-b8c5-6319-98bf-738ba44816dc" executionId="d56200d2-a222-4d1a-a20f-6e07719f39b1" testListId="8c84fa94-04c1-424b-9868-57a2d4851a1d" />
    <TestEntry testId="9d132666-049a-2cef-9037-d675521ac78d" executionId="03745b9c-a4b5-427d-93e7-54f44c82bce9" testListId="8c84fa94-04c1-424b-9868-57a2d4851a1d" />
    <TestEntry testId="6bdd0e70-ab80-e944-5486-35acf451dd25" executionId="b201ddcd-e574-4f18-85d0-4f311e579eeb" testListId="8c84fa94-04c1-424b-9868-57a2d4851a1d" />
    <TestEntry testId="ce8d9085-257d-d7d4-fda4-d09aafc89d94" executionId="67983690-72c5-4282-a76f-eba25e85e289" testListId="8c84fa94-04c1-424b-9868-57a2d4851a1d" />
    <TestEntry testId="3fd022d9-ba8a-3de7-f381-3d8f18ee1d21" executionId="0b20bd41-93f9-4e12-8b2f-0034cf772620" testListId="8c84fa94-04c1-424b-9868-57a2d4851a1d" />
    <TestEntry testId="20d3ef96-1ec5-f124-07fc-2c97b341c609" executionId="8abddf50-a044-45d4-abf4-11bb3e114b9f" testListId="8c84fa94-04c1-424b-9868-57a2d4851a1d" />
    <TestEntry testId="e1fcb762-7e2e-ba33-1443-92e761f380e5" executionId="57025cd5-311e-4523-ac11-804e2e2afdfa" testListId="8c84fa94-04c1-424b-9868-57a2d4851a1d" />
    <TestEntry testId="f84d9dcb-bf3a-2eb4-ab08-f117a88ef601" executionId="c408be9c-cc28-4d66-a3dd-42df462af6e2" testListId="8c84fa94-04c1-424b-9868-57a2d4851a1d" />
    <TestEntry testId="c10ecd8f-58d2-d7bc-522c-7ee6260aa183" executionId="a3f3045c-2f7d-4d9c-a2aa-38aebcaf5ce1" testListId="8c84fa94-04c1-424b-9868-57a2d4851a1d" />
    <TestEntry testId="55b92aa8-a493-9f3f-6289-6a5413f947d4" executionId="b943187e-3fd0-4ac2-8bc4-5c689dc37d53" testListId="8c84fa94-04c1-424b-9868-57a2d4851a1d" />
    <TestEntry testId="bcf44575-74ad-aa79-2f26-05e1de5d4e85" executionId="09bf2ca0-a336-4c43-92af-7317b55b7c31" testListId="8c84fa94-04c1-424b-9868-57a2d4851a1d" />
    <TestEntry testId="5defb1fc-8974-0a28-9d03-1ee89a1e4938" executionId="eb5d2de2-7157-48f4-a7f8-6eed11c56add" testListId="8c84fa94-04c1-424b-9868-57a2d4851a1d" />
    <TestEntry testId="a349e94b-0008-2e34-76f7-09d9fd6da033" executionId="add27991-c7b8-4df2-8eea-e98ce12de207" testListId="8c84fa94-04c1-424b-9868-57a2d4851a1d" />
    <TestEntry testId="3632c349-dd2f-3e90-723d-d46b906a7814" executionId="8545d3f2-508f-4319-91fe-c26da06e6cc9" testListId="8c84fa94-04c1-424b-9868-57a2d4851a1d" />
    <TestEntry testId="564f5290-a42e-5e74-ba0a-ed0fd97e4c11" executionId="46d3afb3-55b5-44c3-8017-1766ec03e669" testListId="8c84fa94-04c1-424b-9868-57a2d4851a1d" />
    <TestEntry testId="b13c62f0-8540-b317-0628-868ca8f9ca58" executionId="8d68b8b0-c098-4b18-8b6e-e0a3c62c28d4" testListId="8c84fa94-04c1-424b-9868-57a2d4851a1d" />
    <TestEntry testId="f55b9f59-f089-88c0-fc75-1f51fa3c7bc5" executionId="aa18f09b-9cc0-4746-980c-1112723c9858" testListId="8c84fa94-04c1-424b-9868-57a2d4851a1d" />
    <TestEntry testId="7d3500f9-fe15-a5db-18f7-7485f3ebb427" executionId="30491e89-deb1-49fa-9a98-a302e1ffaa8e" testListId="8c84fa94-04c1-424b-9868-57a2d4851a1d" />
    <TestEntry testId="a0564c8c-f64f-d0b7-a0c6-ee73b903133d" executionId="553e99e7-3c4f-4548-b020-6cd82a306222" testListId="8c84fa94-04c1-424b-9868-57a2d4851a1d" />
    <TestEntry testId="a07e639f-bee7-5859-675e-406eb66d6852" executionId="4b640dee-b8e9-4153-b2f8-a81484cfc85c" testListId="8c84fa94-04c1-424b-9868-57a2d4851a1d" />
    <TestEntry testId="918d69b8-0567-3b62-1b94-40477ed61acc" executionId="7b22f68c-a4ff-4ad4-ae90-52d4e6361261" testListId="8c84fa94-04c1-424b-9868-57a2d4851a1d" />
    <TestEntry testId="1f5b834a-1f40-8f0d-974a-558a28b46282" executionId="5b9ca01a-52ff-427b-8cc9-20bee89527bd" testListId="8c84fa94-04c1-424b-9868-57a2d4851a1d" />
    <TestEntry testId="2e14b324-12b9-253f-cfa7-357966005c0c" executionId="d6dcbc0d-5eef-4fee-b8b1-ad2309880389" testListId="8c84fa94-04c1-424b-9868-57a2d4851a1d" />
    <TestEntry testId="392b8f8a-ffa2-54af-3387-d04bba9bfdc1" executionId="48c24320-96ea-4e93-a89f-99baf6f1c076" testListId="8c84fa94-04c1-424b-9868-57a2d4851a1d" />
    <TestEntry testId="b6bf0b68-ca39-395d-a92c-70d15117ba62" executionId="7ce4c33b-809c-4320-b47e-8c540fb2db5c" testListId="8c84fa94-04c1-424b-9868-57a2d4851a1d" />
    <TestEntry testId="3d3a8ff1-f9b0-d995-6e04-6725082233ab" executionId="58cb30d5-877a-4967-afad-09335fd15652" testListId="8c84fa94-04c1-424b-9868-57a2d4851a1d" />
    <TestEntry testId="01e8d627-4fef-47ec-1699-619ca36cdd21" executionId="9ea327e1-4d94-4b5a-817a-83201c8f40fd" testListId="8c84fa94-04c1-424b-9868-57a2d4851a1d" />
  </TestEntries>
  <TestLists>
    <TestList name="Results Not in a List" id="8c84fa94-04c1-424b-9868-57a2d4851a1d" />
    <TestList name="All Loaded Results" id="19431567-8539-422a-85d7-44ee4e166bda" />
  </TestLists>
  <ResultSummary outcome="Completed">
    <Counters total="38" executed="38" passed="38" failed="0" error="0" timeout="0" aborted="0" inconclusive="0" passedButRunAborted="0" notRunnable="0" notExecuted="0" disconnected="0" warning="0" completed="0" inProgress="0" pending="0" />
    <Output>
      <StdOut>[xUnit.net 00:00:00.00] xUnit.net VSTest Adapter v2.8.1+ce9211e970 (64-bit .NET 10.0.0-preview.6.25358.103)
[xUnit.net 00:00:00.03]   Discovering: MapMe.Tests
[xUnit.net 00:00:00.05]   Discovered:  MapMe.Tests
[xUnit.net 00:00:00.06]   Starting:    MapMe.Tests
warn: Microsoft.AspNetCore.HttpsPolicy.HttpsRedirectionMiddleware[3]
      Failed to determine the https port for redirect.
warn: Microsoft.AspNetCore.HttpsPolicy.HttpsRedirectionMiddleware[3]
      Failed to determine the https port for redirect.
warn: Microsoft.AspNetCore.HttpsPolicy.HttpsRedirectionMiddleware[3]
      Failed to determine the https port for redirect.
warn: Microsoft.AspNetCore.HttpsPolicy.HttpsRedirectionMiddleware[3]
      Failed to determine the https port for redirect.
warn: Microsoft.AspNetCore.HttpsPolicy.HttpsRedirectionMiddleware[3]
      Failed to determine the https port for redirect.
warn: Microsoft.AspNetCore.HttpsPolicy.HttpsRedirectionMiddleware[3]
      Failed to determine the https port for redirect.
warn: Microsoft.AspNetCore.HttpsPolicy.HttpsRedirectionMiddleware[3]
      Failed to determine the https port for redirect.
warn: Microsoft.AspNetCore.HttpsPolicy.HttpsRedirectionMiddleware[3]
      Failed to determine the https port for redirect.
warn: Microsoft.AspNetCore.HttpsPolicy.HttpsRedirectionMiddleware[3]
      Failed to determine the https port for redirect.
warn: Microsoft.AspNetCore.HttpsPolicy.HttpsRedirectionMiddleware[3]
      Failed to determine the https port for redirect.
warn: Microsoft.AspNetCore.HttpsPolicy.HttpsRedirectionMiddleware[3]
      Failed to determine the https port for redirect.
fail: Microsoft.AspNetCore.Diagnostics.DeveloperExceptionPageMiddleware[1]
      An unhandled exception has occurred while executing the request.
      Microsoft.AspNetCore.Http.BadHttpRequestException: Failed to read parameter "UpsertDateMarkRequest req" from the request body as JSON.
       ---&gt; System.Text.Json.JsonException: The JSON value could not be converted to MapMe.DTOs.UpsertDateMarkRequest. Path: $.Latitude | LineNumber: 0 | BytePositionInLine: 42.
       ---&gt; System.FormatException: Either the JSON value is not in a supported format, or is out of bounds for a Double.
         at System.Text.Json.ThrowHelper.ThrowFormatException(NumericType numericType)
         at System.Text.Json.Utf8JsonReader.GetDoubleWithQuotes()
         at System.Text.Json.Serialization.JsonConverter`1.TryRead(Utf8JsonReader&amp; reader, Type typeToConvert, JsonSerializerOptions options, ReadStack&amp; state, T&amp; value, Boolean&amp; isPopulatedValue)
         at System.Text.Json.Serialization.JsonConverter`1.TryReadAsObject(Utf8JsonReader&amp; reader, Type typeToConvert, JsonSerializerOptions options, ReadStack&amp; state, Object&amp; value)
         at System.Text.Json.Serialization.Converters.LargeObjectWithParameterizedConstructorConverter`1.ReadAndCacheConstructorArgument(ReadStack&amp; state, Utf8JsonReader&amp; reader, JsonParameterInfo jsonParameterInfo)
         at System.Text.Json.Serialization.Converters.ObjectWithParameterizedConstructorConverter`1.ReadConstructorArgumentsWithContinuation(ReadStack&amp; state, Utf8JsonReader&amp; reader, JsonSerializerOptions options)
         at System.Text.Json.Serialization.Converters.ObjectWithParameterizedConstructorConverter`1.OnTryRead(Utf8JsonReader&amp; reader, Type typeToConvert, JsonSerializerOptions options, ReadStack&amp; state, T&amp; value)
         at System.Text.Json.Serialization.JsonConverter`1.TryRead(Utf8JsonReader&amp; reader, Type typeToConvert, JsonSerializerOptions options, ReadStack&amp; state, T&amp; value, Boolean&amp; isPopulatedValue)
         at System.Text.Json.Serialization.JsonConverter`1.ReadCore(Utf8JsonReader&amp; reader, T&amp; value, JsonSerializerOptions options, ReadStack&amp; state)
         --- End of inner exception stack trace ---
         at System.Text.Json.ThrowHelper.ReThrowWithPath(ReadStack&amp; state, Utf8JsonReader&amp; reader, Exception ex)
         at System.Text.Json.Serialization.JsonConverter`1.ReadCore(Utf8JsonReader&amp; reader, T&amp; value, JsonSerializerOptions options, ReadStack&amp; state)
         at System.Text.Json.Serialization.Metadata.JsonTypeInfo`1.ContinueDeserialize(ReadBufferState&amp; bufferState, JsonReaderState&amp; jsonReaderState, ReadStack&amp; readStack, T&amp; value)
         at System.Text.Json.Serialization.Metadata.JsonTypeInfo`1.DeserializeAsync(Stream utf8Json, CancellationToken cancellationToken)
         at System.Text.Json.Serialization.Metadata.JsonTypeInfo`1.DeserializeAsObjectAsync(Stream utf8Json, CancellationToken cancellationToken)
         at Microsoft.AspNetCore.Http.HttpRequestJsonExtensions.ReadFromJsonAsync(HttpRequest request, JsonTypeInfo jsonTypeInfo, CancellationToken cancellationToken)
         at Microsoft.AspNetCore.Http.HttpRequestJsonExtensions.ReadFromJsonAsync(HttpRequest request, JsonTypeInfo jsonTypeInfo, CancellationToken cancellationToken)
         at Microsoft.AspNetCore.Http.RequestDelegateFactory.&lt;HandleRequestBodyAndCompileRequestDelegateForJson&gt;g__TryReadBodyAsync|102_0(HttpContext httpContext, Type bodyType, String parameterTypeName, String parameterName, Boolean allowEmptyRequestBody, Boolean throwOnBadRequest, JsonTypeInfo jsonTypeInfo)
         --- End of inner exception stack trace ---
         at Microsoft.AspNetCore.Http.RequestDelegateFactory.Log.InvalidJsonRequestBody(HttpContext httpContext, String parameterTypeName, String parameterName, Exception exception, Boolean shouldThrow)
         at Microsoft.AspNetCore.Http.RequestDelegateFactory.&lt;HandleRequestBodyAndCompileRequestDelegateForJson&gt;g__TryReadBodyAsync|102_0(HttpContext httpContext, Type bodyType, String parameterTypeName, String parameterName, Boolean allowEmptyRequestBody, Boolean throwOnBadRequest, JsonTypeInfo jsonTypeInfo)
         at Microsoft.AspNetCore.Http.RequestDelegateFactory.&lt;&gt;c__DisplayClass102_2.&lt;&lt;HandleRequestBodyAndCompileRequestDelegateForJson&gt;b__2&gt;d.MoveNext()
      --- End of stack trace from previous location ---
         at Microsoft.AspNetCore.Diagnostics.StatusCodePagesMiddleware.Invoke(HttpContext context)
         at Microsoft.AspNetCore.Authorization.AuthorizationMiddleware.Invoke(HttpContext context)
         at Microsoft.AspNetCore.Diagnostics.DeveloperExceptionPageMiddlewareImpl.Invoke(HttpContext context)
fail: Microsoft.AspNetCore.Diagnostics.DeveloperExceptionPageMiddleware[1]
      An unhandled exception has occurred while executing the request.
      Microsoft.AspNetCore.Http.BadHttpRequestException: Failed to read parameter "UpsertDateMarkRequest req" from the request body as JSON.
       ---&gt; System.Text.Json.JsonException: '}' is an invalid start of a value. Path: $.Longitude | LineNumber: 0 | BytePositionInLine: 47.
       ---&gt; System.Text.Json.JsonReaderException: '}' is an invalid start of a value. LineNumber: 0 | BytePositionInLine: 47.
         at System.Text.Json.ThrowHelper.ThrowJsonReaderException(Utf8JsonReader&amp; json, ExceptionResource resource, Byte nextByte, ReadOnlySpan`1 bytes)
         at System.Text.Json.Utf8JsonReader.ConsumeValue(Byte marker)
         at System.Text.Json.Utf8JsonReader.ReadSingleSegment()
         at System.Text.Json.Utf8JsonReader.Read()
         at System.Text.Json.Serialization.Converters.ObjectWithParameterizedConstructorConverter`1.ReadConstructorArgumentsWithContinuation(ReadStack&amp; state, Utf8JsonReader&amp; reader, JsonSerializerOptions options)
         at System.Text.Json.Serialization.Converters.ObjectWithParameterizedConstructorConverter`1.OnTryRead(Utf8JsonReader&amp; reader, Type typeToConvert, JsonSerializerOptions options, ReadStack&amp; state, T&amp; value)
         at System.Text.Json.Serialization.JsonConverter`1.TryRead(Utf8JsonReader&amp; reader, Type typeToConvert, JsonSerializerOptions options, ReadStack&amp; state, T&amp; value, Boolean&amp; isPopulatedValue)
         at System.Text.Json.Serialization.JsonConverter`1.ReadCore(Utf8JsonReader&amp; reader, T&amp; value, JsonSerializerOptions options, ReadStack&amp; state)
         --- End of inner exception stack trace ---
         at System.Text.Json.ThrowHelper.ReThrowWithPath(ReadStack&amp; state, JsonReaderException ex)
         at System.Text.Json.Serialization.JsonConverter`1.ReadCore(Utf8JsonReader&amp; reader, T&amp; value, JsonSerializerOptions options, ReadStack&amp; state)
         at System.Text.Json.Serialization.Metadata.JsonTypeInfo`1.ContinueDeserialize(ReadBufferState&amp; bufferState, JsonReaderState&amp; jsonReaderState, ReadStack&amp; readStack, T&amp; value)
         at System.Text.Json.Serialization.Metadata.JsonTypeInfo`1.DeserializeAsync(Stream utf8Json, CancellationToken cancellationToken)
         at System.Text.Json.Serialization.Metadata.JsonTypeInfo`1.DeserializeAsObjectAsync(Stream utf8Json, CancellationToken cancellationToken)
         at Microsoft.AspNetCore.Http.HttpRequestJsonExtensions.ReadFromJsonAsync(HttpRequest request, JsonTypeInfo jsonTypeInfo, CancellationToken cancellationToken)
         at Microsoft.AspNetCore.Http.HttpRequestJsonExtensions.ReadFromJsonAsync(HttpRequest request, JsonTypeInfo jsonTypeInfo, CancellationToken cancellationToken)
         at Microsoft.AspNetCore.Http.RequestDelegateFactory.&lt;HandleRequestBodyAndCompileRequestDelegateForJson&gt;g__TryReadBodyAsync|102_0(HttpContext httpContext, Type bodyType, String parameterTypeName, String parameterName, Boolean allowEmptyRequestBody, Boolean throwOnBadRequest, JsonTypeInfo jsonTypeInfo)
         --- End of inner exception stack trace ---
         at Microsoft.AspNetCore.Http.RequestDelegateFactory.Log.InvalidJsonRequestBody(HttpContext httpContext, String parameterTypeName, String parameterName, Exception exception, Boolean shouldThrow)
         at Microsoft.AspNetCore.Http.RequestDelegateFactory.&lt;HandleRequestBodyAndCompileRequestDelegateForJson&gt;g__TryReadBodyAsync|102_0(HttpContext httpContext, Type bodyType, String parameterTypeName, String parameterName, Boolean allowEmptyRequestBody, Boolean throwOnBadRequest, JsonTypeInfo jsonTypeInfo)
         at Microsoft.AspNetCore.Http.RequestDelegateFactory.&lt;&gt;c__DisplayClass102_2.&lt;&lt;HandleRequestBodyAndCompileRequestDelegateForJson&gt;b__2&gt;d.MoveNext()
      --- End of stack trace from previous location ---
         at Microsoft.AspNetCore.Diagnostics.StatusCodePagesMiddleware.Invoke(HttpContext context)
         at Microsoft.AspNetCore.Authorization.AuthorizationMiddleware.Invoke(HttpContext context)
         at Microsoft.AspNetCore.Diagnostics.DeveloperExceptionPageMiddlewareImpl.Invoke(HttpContext context)
fail: Microsoft.AspNetCore.Diagnostics.DeveloperExceptionPageMiddleware[1]
      An unhandled exception has occurred while executing the request.
      Microsoft.AspNetCore.Http.BadHttpRequestException: Failed to read parameter "UpsertDateMarkRequest req" from the request body as JSON.
       ---&gt; System.Text.Json.JsonException: The JSON value could not be converted to System.Collections.Generic.IReadOnlyList`1[System.String]. Path: $.Categories | LineNumber: 0 | BytePositionInLine: 44.
         at System.Text.Json.ThrowHelper.ThrowJsonException_DeserializeUnableToConvertValue(Type propertyType)
         at System.Text.Json.Serialization.JsonCollectionConverter`2.OnTryRead(Utf8JsonReader&amp; reader, Type typeToConvert, JsonSerializerOptions options, ReadStack&amp; state, TCollection&amp; value)
         at System.Text.Json.Serialization.JsonConverter`1.TryRead(Utf8JsonReader&amp; reader, Type typeToConvert, JsonSerializerOptions options, ReadStack&amp; state, T&amp; value, Boolean&amp; isPopulatedValue)
         at System.Text.Json.Serialization.JsonConverter`1.TryReadAsObject(Utf8JsonReader&amp; reader, Type typeToConvert, JsonSerializerOptions options, ReadStack&amp; state, Object&amp; value)
         at System.Text.Json.Serialization.Converters.LargeObjectWithParameterizedConstructorConverter`1.ReadAndCacheConstructorArgument(ReadStack&amp; state, Utf8JsonReader&amp; reader, JsonParameterInfo jsonParameterInfo)
         at System.Text.Json.Serialization.Converters.ObjectWithParameterizedConstructorConverter`1.ReadConstructorArgumentsWithContinuation(ReadStack&amp; state, Utf8JsonReader&amp; reader, JsonSerializerOptions options)
         at System.Text.Json.Serialization.Converters.ObjectWithParameterizedConstructorConverter`1.OnTryRead(Utf8JsonReader&amp; reader, Type typeToConvert, JsonSerializerOptions options, ReadStack&amp; state, T&amp; value)
         at System.Text.Json.Serialization.JsonConverter`1.TryRead(Utf8JsonReader&amp; reader, Type typeToConvert, JsonSerializerOptions options, ReadStack&amp; state, T&amp; value, Boolean&amp; isPopulatedValue)
         at System.Text.Json.Serialization.JsonConverter`1.ReadCore(Utf8JsonReader&amp; reader, T&amp; value, JsonSerializerOptions options, ReadStack&amp; state)
         at System.Text.Json.Serialization.Metadata.JsonTypeInfo`1.ContinueDeserialize(ReadBufferState&amp; bufferState, JsonReaderState&amp; jsonReaderState, ReadStack&amp; readStack, T&amp; value)
         at System.Text.Json.Serialization.Metadata.JsonTypeInfo`1.DeserializeAsync(Stream utf8Json, CancellationToken cancellationToken)
         at System.Text.Json.Serialization.Metadata.JsonTypeInfo`1.DeserializeAsObjectAsync(Stream utf8Json, CancellationToken cancellationToken)
         at Microsoft.AspNetCore.Http.HttpRequestJsonExtensions.ReadFromJsonAsync(HttpRequest request, JsonTypeInfo jsonTypeInfo, CancellationToken cancellationToken)
         at Microsoft.AspNetCore.Http.HttpRequestJsonExtensions.ReadFromJsonAsync(HttpRequest request, JsonTypeInfo jsonTypeInfo, CancellationToken cancellationToken)
         at Microsoft.AspNetCore.Http.RequestDelegateFactory.&lt;HandleRequestBodyAndCompileRequestDelegateForJson&gt;g__TryReadBodyAsync|102_0(HttpContext httpContext, Type bodyType, String parameterTypeName, String parameterName, Boolean allowEmptyRequestBody, Boolean throwOnBadRequest, JsonTypeInfo jsonTypeInfo)
         --- End of inner exception stack trace ---
         at Microsoft.AspNetCore.Http.RequestDelegateFactory.Log.InvalidJsonRequestBody(HttpContext httpContext, String parameterTypeName, String parameterName, Exception exception, Boolean shouldThrow)
         at Microsoft.AspNetCore.Http.RequestDelegateFactory.&lt;HandleRequestBodyAndCompileRequestDelegateForJson&gt;g__TryReadBodyAsync|102_0(HttpContext httpContext, Type bodyType, String parameterTypeName, String parameterName, Boolean allowEmptyRequestBody, Boolean throwOnBadRequest, JsonTypeInfo jsonTypeInfo)
         at Microsoft.AspNetCore.Http.RequestDelegateFactory.&lt;&gt;c__DisplayClass102_2.&lt;&lt;HandleRequestBodyAndCompileRequestDelegateForJson&gt;b__2&gt;d.MoveNext()
      --- End of stack trace from previous location ---
         at Microsoft.AspNetCore.Diagnostics.StatusCodePagesMiddleware.Invoke(HttpContext context)
         at Microsoft.AspNetCore.Authorization.AuthorizationMiddleware.Invoke(HttpContext context)
         at Microsoft.AspNetCore.Diagnostics.DeveloperExceptionPageMiddlewareImpl.Invoke(HttpContext context)
warn: Microsoft.AspNetCore.HttpsPolicy.HttpsRedirectionMiddleware[3]
      Failed to determine the https port for redirect.
warn: Microsoft.AspNetCore.HttpsPolicy.HttpsRedirectionMiddleware[3]
      Failed to determine the https port for redirect.
warn: Microsoft.AspNetCore.HttpsPolicy.HttpsRedirectionMiddleware[3]
      Failed to determine the https port for redirect.
warn: Microsoft.AspNetCore.HttpsPolicy.HttpsRedirectionMiddleware[3]
      Failed to determine the https port for redirect.
warn: Microsoft.AspNetCore.HttpsPolicy.HttpsRedirectionMiddleware[3]
      Failed to determine the https port for redirect.
warn: Microsoft.AspNetCore.HttpsPolicy.HttpsRedirectionMiddleware[3]
      Failed to determine the https port for redirect.
warn: Microsoft.AspNetCore.HttpsPolicy.HttpsRedirectionMiddleware[3]
      Failed to determine the https port for redirect.
warn: Microsoft.AspNetCore.HttpsPolicy.HttpsRedirectionMiddleware[3]
      Failed to determine the https port for redirect.
warn: Microsoft.AspNetCore.HttpsPolicy.HttpsRedirectionMiddleware[3]
      Failed to determine the https port for redirect.
warn: Microsoft.AspNetCore.HttpsPolicy.HttpsRedirectionMiddleware[3]
      Failed to determine the https port for redirect.
warn: Microsoft.AspNetCore.HttpsPolicy.HttpsRedirectionMiddleware[3]
      Failed to determine the https port for redirect.
warn: Microsoft.AspNetCore.HttpsPolicy.HttpsRedirectionMiddleware[3]
      Failed to determine the https port for redirect.
fail: Microsoft.AspNetCore.Diagnostics.DeveloperExceptionPageMiddleware[1]
      An unhandled exception has occurred while executing the request.
      Microsoft.AspNetCore.Http.BadHttpRequestException: Failed to bind parameter "Nullable&lt;DateOnly&gt; from" from "invalid-date".
         at lambda_method2363(Closure, Object, HttpContext)
         at Microsoft.AspNetCore.HttpsPolicy.HttpsRedirectionMiddleware.Invoke(HttpContext context)
         at Microsoft.AspNetCore.Diagnostics.StatusCodePagesMiddleware.Invoke(HttpContext context)
         at Microsoft.AspNetCore.Authorization.AuthorizationMiddleware.Invoke(HttpContext context)
         at Microsoft.AspNetCore.Diagnostics.DeveloperExceptionPageMiddlewareImpl.Invoke(HttpContext context)
fail: Microsoft.AspNetCore.Diagnostics.DeveloperExceptionPageMiddleware[1]
      An unhandled exception has occurred while executing the request.
      Microsoft.AspNetCore.Http.BadHttpRequestException: Failed to bind parameter "Nullable&lt;DateOnly&gt; to" from "not-a-date".
         at lambda_method2363(Closure, Object, HttpContext)
         at Microsoft.AspNetCore.HttpsPolicy.HttpsRedirectionMiddleware.Invoke(HttpContext context)
         at Microsoft.AspNetCore.Diagnostics.StatusCodePagesMiddleware.Invoke(HttpContext context)
         at Microsoft.AspNetCore.Authorization.AuthorizationMiddleware.Invoke(HttpContext context)
         at Microsoft.AspNetCore.Diagnostics.DeveloperExceptionPageMiddlewareImpl.Invoke(HttpContext context)
fail: Microsoft.AspNetCore.Diagnostics.DeveloperExceptionPageMiddleware[1]
      An unhandled exception has occurred while executing the request.
      Microsoft.AspNetCore.Http.BadHttpRequestException: Failed to bind parameter "Nullable&lt;DateOnly&gt; from" from "2025-13-01".
         at lambda_method2363(Closure, Object, HttpContext)
         at Microsoft.AspNetCore.HttpsPolicy.HttpsRedirectionMiddleware.Invoke(HttpContext context)
         at Microsoft.AspNetCore.Diagnostics.StatusCodePagesMiddleware.Invoke(HttpContext context)
         at Microsoft.AspNetCore.Authorization.AuthorizationMiddleware.Invoke(HttpContext context)
         at Microsoft.AspNetCore.Diagnostics.DeveloperExceptionPageMiddlewareImpl.Invoke(HttpContext context)
fail: Microsoft.AspNetCore.Diagnostics.DeveloperExceptionPageMiddleware[1]
      An unhandled exception has occurred while executing the request.
      Microsoft.AspNetCore.Http.BadHttpRequestException: Failed to bind parameter "Nullable&lt;DateOnly&gt; from" from "2025-02-30".
         at lambda_method2363(Closure, Object, HttpContext)
         at Microsoft.AspNetCore.HttpsPolicy.HttpsRedirectionMiddleware.Invoke(HttpContext context)
         at Microsoft.AspNetCore.Diagnostics.StatusCodePagesMiddleware.Invoke(HttpContext context)
         at Microsoft.AspNetCore.Authorization.AuthorizationMiddleware.Invoke(HttpContext context)
         at Microsoft.AspNetCore.Diagnostics.DeveloperExceptionPageMiddlewareImpl.Invoke(HttpContext context)
warn: Microsoft.AspNetCore.HttpsPolicy.HttpsRedirectionMiddleware[3]
      Failed to determine the https port for redirect.
warn: Microsoft.AspNetCore.HttpsPolicy.HttpsRedirectionMiddleware[3]
      Failed to determine the https port for redirect.
warn: Microsoft.AspNetCore.HttpsPolicy.HttpsRedirectionMiddleware[3]
      Failed to determine the https port for redirect.
warn: Microsoft.AspNetCore.HttpsPolicy.HttpsRedirectionMiddleware[3]
      Failed to determine the https port for redirect.
warn: Microsoft.AspNetCore.HttpsPolicy.HttpsRedirectionMiddleware[3]
      Failed to determine the https port for redirect.
warn: Microsoft.AspNetCore.HttpsPolicy.HttpsRedirectionMiddleware[3]
      Failed to determine the https port for redirect.
warn: Microsoft.AspNetCore.HttpsPolicy.HttpsRedirectionMiddleware[3]
      Failed to determine the https port for redirect.
warn: Microsoft.AspNetCore.HttpsPolicy.HttpsRedirectionMiddleware[3]
      Failed to determine the https port for redirect.
fail: Microsoft.AspNetCore.Diagnostics.DeveloperExceptionPageMiddleware[1]
      An unhandled exception has occurred while executing the request.
      Microsoft.AspNetCore.Http.BadHttpRequestException: Failed to read parameter "CreateProfileRequest req" from the request body as JSON.
       ---&gt; System.Text.Json.JsonException: Expected depth to be zero at the end of the JSON payload. There is an open JSON object or array that should be closed. Path: $ | LineNumber: 0 | BytePositionInLine: 1.
       ---&gt; System.Text.Json.JsonReaderException: Expected depth to be zero at the end of the JSON payload. There is an open JSON object or array that should be closed. LineNumber: 0 | BytePositionInLine: 1.
         at System.Text.Json.ThrowHelper.ThrowJsonReaderException(Utf8JsonReader&amp; json, ExceptionResource resource, Byte nextByte, ReadOnlySpan`1 bytes)
         at System.Text.Json.Utf8JsonReader.ReadSingleSegment()
         at System.Text.Json.Utf8JsonReader.Read()
         at System.Text.Json.Serialization.Converters.ObjectWithParameterizedConstructorConverter`1.ReadConstructorArgumentsWithContinuation(ReadStack&amp; state, Utf8JsonReader&amp; reader, JsonSerializerOptions options)
         at System.Text.Json.Serialization.Converters.ObjectWithParameterizedConstructorConverter`1.OnTryRead(Utf8JsonReader&amp; reader, Type typeToConvert, JsonSerializerOptions options, ReadStack&amp; state, T&amp; value)
         at System.Text.Json.Serialization.JsonConverter`1.TryRead(Utf8JsonReader&amp; reader, Type typeToConvert, JsonSerializerOptions options, ReadStack&amp; state, T&amp; value, Boolean&amp; isPopulatedValue)
         at System.Text.Json.Serialization.JsonConverter`1.ReadCore(Utf8JsonReader&amp; reader, T&amp; value, JsonSerializerOptions options, ReadStack&amp; state)
         --- End of inner exception stack trace ---
         at System.Text.Json.ThrowHelper.ReThrowWithPath(ReadStack&amp; state, JsonReaderException ex)
         at System.Text.Json.Serialization.JsonConverter`1.ReadCore(Utf8JsonReader&amp; reader, T&amp; value, JsonSerializerOptions options, ReadStack&amp; state)
         at System.Text.Json.Serialization.Metadata.JsonTypeInfo`1.ContinueDeserialize(ReadBufferState&amp; bufferState, JsonReaderState&amp; jsonReaderState, ReadStack&amp; readStack, T&amp; value)
         at System.Text.Json.Serialization.Metadata.JsonTypeInfo`1.DeserializeAsync(Stream utf8Json, CancellationToken cancellationToken)
         at System.Text.Json.Serialization.Metadata.JsonTypeInfo`1.DeserializeAsObjectAsync(Stream utf8Json, CancellationToken cancellationToken)
         at Microsoft.AspNetCore.Http.HttpRequestJsonExtensions.ReadFromJsonAsync(HttpRequest request, JsonTypeInfo jsonTypeInfo, CancellationToken cancellationToken)
         at Microsoft.AspNetCore.Http.HttpRequestJsonExtensions.ReadFromJsonAsync(HttpRequest request, JsonTypeInfo jsonTypeInfo, CancellationToken cancellationToken)
         at Microsoft.AspNetCore.Http.RequestDelegateFactory.&lt;HandleRequestBodyAndCompileRequestDelegateForJson&gt;g__TryReadBodyAsync|102_0(HttpContext httpContext, Type bodyType, String parameterTypeName, String parameterName, Boolean allowEmptyRequestBody, Boolean throwOnBadRequest, JsonTypeInfo jsonTypeInfo)
         --- End of inner exception stack trace ---
         at Microsoft.AspNetCore.Http.RequestDelegateFactory.Log.InvalidJsonRequestBody(HttpContext httpContext, String parameterTypeName, String parameterName, Exception exception, Boolean shouldThrow)
         at Microsoft.AspNetCore.Http.RequestDelegateFactory.&lt;HandleRequestBodyAndCompileRequestDelegateForJson&gt;g__TryReadBodyAsync|102_0(HttpContext httpContext, Type bodyType, String parameterTypeName, String parameterName, Boolean allowEmptyRequestBody, Boolean throwOnBadRequest, JsonTypeInfo jsonTypeInfo)
         at Microsoft.AspNetCore.Http.RequestDelegateFactory.&lt;&gt;c__DisplayClass102_2.&lt;&lt;HandleRequestBodyAndCompileRequestDelegateForJson&gt;b__2&gt;d.MoveNext()
      --- End of stack trace from previous location ---
         at Microsoft.AspNetCore.Diagnostics.StatusCodePagesMiddleware.Invoke(HttpContext context)
         at Microsoft.AspNetCore.Authorization.AuthorizationMiddleware.Invoke(HttpContext context)
         at Microsoft.AspNetCore.Diagnostics.DeveloperExceptionPageMiddlewareImpl.Invoke(HttpContext context)
fail: Microsoft.AspNetCore.Diagnostics.DeveloperExceptionPageMiddleware[1]
      An unhandled exception has occurred while executing the request.
      Microsoft.AspNetCore.Http.BadHttpRequestException: Failed to read parameter "CreateProfileRequest req" from the request body as JSON.
       ---&gt; System.Text.Json.JsonException: The JSON object contains a trailing comma at the end which is not supported in this mode. Change the reader options. Path: $ | LineNumber: 0 | BytePositionInLine: 16.
       ---&gt; System.Text.Json.JsonReaderException: The JSON object contains a trailing comma at the end which is not supported in this mode. Change the reader options. LineNumber: 0 | BytePositionInLine: 16.
         at System.Text.Json.ThrowHelper.ThrowJsonReaderException(Utf8JsonReader&amp; json, ExceptionResource resource, Byte nextByte, ReadOnlySpan`1 bytes)
         at System.Text.Json.Utf8JsonReader.ConsumeNextToken(Byte marker)
         at System.Text.Json.Utf8JsonReader.ReadSingleSegment()
         at System.Text.Json.Utf8JsonReader.Read()
         at System.Text.Json.Serialization.Converters.ObjectWithParameterizedConstructorConverter`1.ReadConstructorArgumentsWithContinuation(ReadStack&amp; state, Utf8JsonReader&amp; reader, JsonSerializerOptions options)
         at System.Text.Json.Serialization.Converters.ObjectWithParameterizedConstructorConverter`1.OnTryRead(Utf8JsonReader&amp; reader, Type typeToConvert, JsonSerializerOptions options, ReadStack&amp; state, T&amp; value)
         at System.Text.Json.Serialization.JsonConverter`1.TryRead(Utf8JsonReader&amp; reader, Type typeToConvert, JsonSerializerOptions options, ReadStack&amp; state, T&amp; value, Boolean&amp; isPopulatedValue)
         at System.Text.Json.Serialization.JsonConverter`1.ReadCore(Utf8JsonReader&amp; reader, T&amp; value, JsonSerializerOptions options, ReadStack&amp; state)
         --- End of inner exception stack trace ---
         at System.Text.Json.ThrowHelper.ReThrowWithPath(ReadStack&amp; state, JsonReaderException ex)
         at System.Text.Json.Serialization.JsonConverter`1.ReadCore(Utf8JsonReader&amp; reader, T&amp; value, JsonSerializerOptions options, ReadStack&amp; state)
         at System.Text.Json.Serialization.Metadata.JsonTypeInfo`1.ContinueDeserialize(ReadBufferState&amp; bufferState, JsonReaderState&amp; jsonReaderState, ReadStack&amp; readStack, T&amp; value)
         at System.Text.Json.Serialization.Metadata.JsonTypeInfo`1.DeserializeAsync(Stream utf8Json, CancellationToken cancellationToken)
         at System.Text.Json.Serialization.Metadata.JsonTypeInfo`1.DeserializeAsObjectAsync(Stream utf8Json, CancellationToken cancellationToken)
         at Microsoft.AspNetCore.Http.HttpRequestJsonExtensions.ReadFromJsonAsync(HttpRequest request, JsonTypeInfo jsonTypeInfo, CancellationToken cancellationToken)
         at Microsoft.AspNetCore.Http.HttpRequestJsonExtensions.ReadFromJsonAsync(HttpRequest request, JsonTypeInfo jsonTypeInfo, CancellationToken cancellationToken)
         at Microsoft.AspNetCore.Http.RequestDelegateFactory.&lt;HandleRequestBodyAndCompileRequestDelegateForJson&gt;g__TryReadBodyAsync|102_0(HttpContext httpContext, Type bodyType, String parameterTypeName, String parameterName, Boolean allowEmptyRequestBody, Boolean throwOnBadRequest, JsonTypeInfo jsonTypeInfo)
         --- End of inner exception stack trace ---
         at Microsoft.AspNetCore.Http.RequestDelegateFactory.Log.InvalidJsonRequestBody(HttpContext httpContext, String parameterTypeName, String parameterName, Exception exception, Boolean shouldThrow)
         at Microsoft.AspNetCore.Http.RequestDelegateFactory.&lt;HandleRequestBodyAndCompileRequestDelegateForJson&gt;g__TryReadBodyAsync|102_0(HttpContext httpContext, Type bodyType, String parameterTypeName, String parameterName, Boolean allowEmptyRequestBody, Boolean throwOnBadRequest, JsonTypeInfo jsonTypeInfo)
         at Microsoft.AspNetCore.Http.RequestDelegateFactory.&lt;&gt;c__DisplayClass102_2.&lt;&lt;HandleRequestBodyAndCompileRequestDelegateForJson&gt;b__2&gt;d.MoveNext()
      --- End of stack trace from previous location ---
         at Microsoft.AspNetCore.Diagnostics.StatusCodePagesMiddleware.Invoke(HttpContext context)
         at Microsoft.AspNetCore.Authorization.AuthorizationMiddleware.Invoke(HttpContext context)
         at Microsoft.AspNetCore.Diagnostics.DeveloperExceptionPageMiddlewareImpl.Invoke(HttpContext context)
fail: Microsoft.AspNetCore.Diagnostics.DeveloperExceptionPageMiddleware[1]
      An unhandled exception has occurred while executing the request.
      Microsoft.AspNetCore.Http.BadHttpRequestException: Failed to read parameter "CreateProfileRequest req" from the request body as JSON.
       ---&gt; System.Text.Json.JsonException: '}' is an invalid start of a value. Path: $.UserId | LineNumber: 0 | BytePositionInLine: 26.
       ---&gt; System.Text.Json.JsonReaderException: '}' is an invalid start of a value. LineNumber: 0 | BytePositionInLine: 26.
         at System.Text.Json.ThrowHelper.ThrowJsonReaderException(Utf8JsonReader&amp; json, ExceptionResource resource, Byte nextByte, ReadOnlySpan`1 bytes)
         at System.Text.Json.Utf8JsonReader.ConsumeValue(Byte marker)
         at System.Text.Json.Utf8JsonReader.ReadSingleSegment()
         at System.Text.Json.Utf8JsonReader.Read()
         at System.Text.Json.Serialization.Converters.ObjectWithParameterizedConstructorConverter`1.ReadConstructorArgumentsWithContinuation(ReadStack&amp; state, Utf8JsonReader&amp; reader, JsonSerializerOptions options)
         at System.Text.Json.Serialization.Converters.ObjectWithParameterizedConstructorConverter`1.OnTryRead(Utf8JsonReader&amp; reader, Type typeToConvert, JsonSerializerOptions options, ReadStack&amp; state, T&amp; value)
         at System.Text.Json.Serialization.JsonConverter`1.TryRead(Utf8JsonReader&amp; reader, Type typeToConvert, JsonSerializerOptions options, ReadStack&amp; state, T&amp; value, Boolean&amp; isPopulatedValue)
         at System.Text.Json.Serialization.JsonConverter`1.ReadCore(Utf8JsonReader&amp; reader, T&amp; value, JsonSerializerOptions options, ReadStack&amp; state)
         --- End of inner exception stack trace ---
         at System.Text.Json.ThrowHelper.ReThrowWithPath(ReadStack&amp; state, JsonReaderException ex)
         at System.Text.Json.Serialization.JsonConverter`1.ReadCore(Utf8JsonReader&amp; reader, T&amp; value, JsonSerializerOptions options, ReadStack&amp; state)
         at System.Text.Json.Serialization.Metadata.JsonTypeInfo`1.ContinueDeserialize(ReadBufferState&amp; bufferState, JsonReaderState&amp; jsonReaderState, ReadStack&amp; readStack, T&amp; value)
         at System.Text.Json.Serialization.Metadata.JsonTypeInfo`1.DeserializeAsync(Stream utf8Json, CancellationToken cancellationToken)
         at System.Text.Json.Serialization.Metadata.JsonTypeInfo`1.DeserializeAsObjectAsync(Stream utf8Json, CancellationToken cancellationToken)
         at Microsoft.AspNetCore.Http.HttpRequestJsonExtensions.ReadFromJsonAsync(HttpRequest request, JsonTypeInfo jsonTypeInfo, CancellationToken cancellationToken)
         at Microsoft.AspNetCore.Http.HttpRequestJsonExtensions.ReadFromJsonAsync(HttpRequest request, JsonTypeInfo jsonTypeInfo, CancellationToken cancellationToken)
         at Microsoft.AspNetCore.Http.RequestDelegateFactory.&lt;HandleRequestBodyAndCompileRequestDelegateForJson&gt;g__TryReadBodyAsync|102_0(HttpContext httpContext, Type bodyType, String parameterTypeName, String parameterName, Boolean allowEmptyRequestBody, Boolean throwOnBadRequest, JsonTypeInfo jsonTypeInfo)
         --- End of inner exception stack trace ---
         at Microsoft.AspNetCore.Http.RequestDelegateFactory.Log.InvalidJsonRequestBody(HttpContext httpContext, String parameterTypeName, String parameterName, Exception exception, Boolean shouldThrow)
         at Microsoft.AspNetCore.Http.RequestDelegateFactory.&lt;HandleRequestBodyAndCompileRequestDelegateForJson&gt;g__TryReadBodyAsync|102_0(HttpContext httpContext, Type bodyType, String parameterTypeName, String parameterName, Boolean allowEmptyRequestBody, Boolean throwOnBadRequest, JsonTypeInfo jsonTypeInfo)
         at Microsoft.AspNetCore.Http.RequestDelegateFactory.&lt;&gt;c__DisplayClass102_2.&lt;&lt;HandleRequestBodyAndCompileRequestDelegateForJson&gt;b__2&gt;d.MoveNext()
      --- End of stack trace from previous location ---
         at Microsoft.AspNetCore.Diagnostics.StatusCodePagesMiddleware.Invoke(HttpContext context)
         at Microsoft.AspNetCore.Authorization.AuthorizationMiddleware.Invoke(HttpContext context)
         at Microsoft.AspNetCore.Diagnostics.DeveloperExceptionPageMiddlewareImpl.Invoke(HttpContext context)
fail: Microsoft.AspNetCore.Diagnostics.DeveloperExceptionPageMiddleware[1]
      An unhandled exception has occurred while executing the request.
      Microsoft.AspNetCore.Http.BadHttpRequestException: Failed to read parameter "CreateProfileRequest req" from the request body as JSON.
       ---&gt; System.Text.Json.JsonException: 'not json at all' is an invalid JSON literal. Expected the literal 'null'. Path: $ | LineNumber: 0 | BytePositionInLine: 1.
       ---&gt; System.Text.Json.JsonReaderException: 'not json at all' is an invalid JSON literal. Expected the literal 'null'. LineNumber: 0 | BytePositionInLine: 1.
         at System.Text.Json.ThrowHelper.ThrowJsonReaderException(Utf8JsonReader&amp; json, ExceptionResource resource, Byte nextByte, ReadOnlySpan`1 bytes)
         at System.Text.Json.Utf8JsonReader.ThrowInvalidLiteral(ReadOnlySpan`1 span)
         at System.Text.Json.Utf8JsonReader.CheckLiteral(ReadOnlySpan`1 span, ReadOnlySpan`1 literal)
         at System.Text.Json.Utf8JsonReader.ReadFirstToken(Byte first)
         at System.Text.Json.Utf8JsonReader.ReadSingleSegment()
         at System.Text.Json.Utf8JsonReader.Read()
         at System.Text.Json.Serialization.JsonConverter`1.ReadCore(Utf8JsonReader&amp; reader, T&amp; value, JsonSerializerOptions options, ReadStack&amp; state)
         --- End of inner exception stack trace ---
         at System.Text.Json.ThrowHelper.ReThrowWithPath(ReadStack&amp; state, JsonReaderException ex)
         at System.Text.Json.Serialization.JsonConverter`1.ReadCore(Utf8JsonReader&amp; reader, T&amp; value, JsonSerializerOptions options, ReadStack&amp; state)
         at System.Text.Json.Serialization.Metadata.JsonTypeInfo`1.ContinueDeserialize(ReadBufferState&amp; bufferState, JsonReaderState&amp; jsonReaderState, ReadStack&amp; readStack, T&amp; value)
         at System.Text.Json.Serialization.Metadata.JsonTypeInfo`1.DeserializeAsync(Stream utf8Json, CancellationToken cancellationToken)
         at System.Text.Json.Serialization.Metadata.JsonTypeInfo`1.DeserializeAsObjectAsync(Stream utf8Json, CancellationToken cancellationToken)
         at Microsoft.AspNetCore.Http.HttpRequestJsonExtensions.ReadFromJsonAsync(HttpRequest request, JsonTypeInfo jsonTypeInfo, CancellationToken cancellationToken)
         at Microsoft.AspNetCore.Http.HttpRequestJsonExtensions.ReadFromJsonAsync(HttpRequest request, JsonTypeInfo jsonTypeInfo, CancellationToken cancellationToken)
         at Microsoft.AspNetCore.Http.RequestDelegateFactory.&lt;HandleRequestBodyAndCompileRequestDelegateForJson&gt;g__TryReadBodyAsync|102_0(HttpContext httpContext, Type bodyType, String parameterTypeName, String parameterName, Boolean allowEmptyRequestBody, Boolean throwOnBadRequest, JsonTypeInfo jsonTypeInfo)
         --- End of inner exception stack trace ---
         at Microsoft.AspNetCore.Http.RequestDelegateFactory.Log.InvalidJsonRequestBody(HttpContext httpContext, String parameterTypeName, String parameterName, Exception exception, Boolean shouldThrow)
         at Microsoft.AspNetCore.Http.RequestDelegateFactory.&lt;HandleRequestBodyAndCompileRequestDelegateForJson&gt;g__TryReadBodyAsync|102_0(HttpContext httpContext, Type bodyType, String parameterTypeName, String parameterName, Boolean allowEmptyRequestBody, Boolean throwOnBadRequest, JsonTypeInfo jsonTypeInfo)
         at Microsoft.AspNetCore.Http.RequestDelegateFactory.&lt;&gt;c__DisplayClass102_2.&lt;&lt;HandleRequestBodyAndCompileRequestDelegateForJson&gt;b__2&gt;d.MoveNext()
      --- End of stack trace from previous location ---
         at Microsoft.AspNetCore.Diagnostics.StatusCodePagesMiddleware.Invoke(HttpContext context)
         at Microsoft.AspNetCore.Authorization.AuthorizationMiddleware.Invoke(HttpContext context)
         at Microsoft.AspNetCore.Diagnostics.DeveloperExceptionPageMiddlewareImpl.Invoke(HttpContext context)
fail: Microsoft.AspNetCore.Diagnostics.DeveloperExceptionPageMiddleware[1]
      An unhandled exception has occurred while executing the request.
      Microsoft.AspNetCore.Http.BadHttpRequestException: Implicit body inferred for parameter "req" but no body was provided. Did you mean to use a Service instead?
         at lambda_method3142(Closure, Object, HttpContext, Object)
         at Microsoft.AspNetCore.Http.RequestDelegateFactory.&lt;&gt;c__DisplayClass102_2.&lt;&lt;HandleRequestBodyAndCompileRequestDelegateForJson&gt;b__2&gt;d.MoveNext()
      --- End of stack trace from previous location ---
         at Microsoft.AspNetCore.Diagnostics.StatusCodePagesMiddleware.Invoke(HttpContext context)
         at Microsoft.AspNetCore.Authorization.AuthorizationMiddleware.Invoke(HttpContext context)
         at Microsoft.AspNetCore.Diagnostics.DeveloperExceptionPageMiddlewareImpl.Invoke(HttpContext context)
fail: Microsoft.AspNetCore.Diagnostics.DeveloperExceptionPageMiddleware[1]
      An unhandled exception has occurred while executing the request.
      Microsoft.AspNetCore.Http.BadHttpRequestException: Implicit body inferred for parameter "req" but no body was provided. Did you mean to use a Service instead?
         at lambda_method3142(Closure, Object, HttpContext, Object)
         at Microsoft.AspNetCore.Http.RequestDelegateFactory.&lt;&gt;c__DisplayClass102_2.&lt;&lt;HandleRequestBodyAndCompileRequestDelegateForJson&gt;b__2&gt;d.MoveNext()
      --- End of stack trace from previous location ---
         at Microsoft.AspNetCore.Diagnostics.StatusCodePagesMiddleware.Invoke(HttpContext context)
         at Microsoft.AspNetCore.Authorization.AuthorizationMiddleware.Invoke(HttpContext context)
         at Microsoft.AspNetCore.Diagnostics.DeveloperExceptionPageMiddlewareImpl.Invoke(HttpContext context)
warn: Microsoft.AspNetCore.HttpsPolicy.HttpsRedirectionMiddleware[3]
      Failed to determine the https port for redirect.
warn: Microsoft.AspNetCore.HttpsPolicy.HttpsRedirectionMiddleware[3]
      Failed to determine the https port for redirect.
warn: Microsoft.AspNetCore.HttpsPolicy.HttpsRedirectionMiddleware[3]
      Failed to determine the https port for redirect.
[xUnit.net 00:00:06.87]   Finished:    MapMe.Tests
</StdOut>
    </Output>
  </ResultSummary>
</TestRun>